Component: ARM Compiler 5.06 update 7 (build 960) Tool: armlink [4d3601]

==============================================================================

Section Cross References

    startup_tm4c123.o(RESET) refers to startup_tm4c123.o(STACK) for __initial_sp
    startup_tm4c123.o(RESET) refers to startup_tm4c123.o(.text) for Reset_Handler
    startup_tm4c123.o(RESET) refers to port.o(.emb_text) for SVC_Handler
    startup_tm4c123.o(RESET) refers to drv_bsp.o(i.SysTick_Handler) for SysTick_Handler
    startup_tm4c123.o(.text) refers to entry.o(.ARM.Collect$$$$00000000) for __main
    usb_serial_structs.o(.data) refers to ano_usb.o(i.ControlHandler) for ControlHandler
    usb_serial_structs.o(.data) refers to usbbuffer.o(i.USBBufferEventCallback) for USBBufferEventCallback
    usb_serial_structs.o(.data) refers to usb_serial_structs.o(.constdata) for g_ppui8StringDescriptors
    usb_serial_structs.o(.data) refers to ano_usb.o(i.RxHandler) for RxHandler
    usb_serial_structs.o(.data) refers to usbdcdc.o(i.USBDCDCPacketRead) for USBDCDCPacketRead
    usb_serial_structs.o(.data) refers to usbdcdc.o(i.USBDCDCRxPacketAvailable) for USBDCDCRxPacketAvailable
    usb_serial_structs.o(.data) refers to usb_serial_structs.o(.bss) for g_pui8USBRxBuffer
    usb_serial_structs.o(.data) refers to ano_usb.o(i.TxHandler) for TxHandler
    usb_serial_structs.o(.data) refers to usbdcdc.o(i.USBDCDCPacketWrite) for USBDCDCPacketWrite
    usb_serial_structs.o(.data) refers to usbdcdc.o(i.USBDCDCTxPacketAvailable) for USBDCDCTxPacketAvailable
    spi.o(i.icm20602_read) refers to spi.o(i.spi_single_send) for spi_single_send
    spi.o(i.icm20602_read) refers to spi.o(i.spi_receive) for spi_receive
    spi.o(i.icm20602_write) refers to spi.o(i.spi_single_send) for spi_single_send
    spi.o(i.icm20602_write) refers to spi.o(i.spi_transmit) for spi_transmit
    spi.o(i.spi_init) refers to spi.o(i.icm20602_pin_init) for icm20602_pin_init
    spi.o(i.spi_receive) refers to spi.o(i.spi_single_send) for spi_single_send
    spi.o(i.spi_transmit) refers to spi.o(i.spi_single_send) for spi_single_send
    icm20602.o(i.icm20602_read_accel) refers to icm20602.o(i._get_accel_sensitivity) for _get_accel_sensitivity
    icm20602.o(i.icm20602_read_accel) refers to icm20602.o(i.icm20602_read_accel_raw) for icm20602_read_accel_raw
    icm20602.o(i.icm20602_read_accel_fifo) refers to icm20602.o(i._get_accel_sensitivity) for _get_accel_sensitivity
    icm20602.o(i.icm20602_read_accel_fifo) refers to icm20602.o(i.icm20602_read_fifo_accel_raw) for icm20602_read_fifo_accel_raw
    icm20602.o(i.icm20602_read_accel_raw) refers to icm20602.o(i._read_data) for _read_data
    icm20602.o(i.icm20602_read_data) refers to icm20602.o(i._get_accel_sensitivity) for _get_accel_sensitivity
    icm20602.o(i.icm20602_read_data) refers to icm20602.o(i._get_gyro_sensitivity) for _get_gyro_sensitivity
    icm20602.o(i.icm20602_read_data) refers to icm20602.o(i.icm20602_read_data_raw) for icm20602_read_data_raw
    icm20602.o(i.icm20602_read_data) refers to icm20602.o(.data) for _temp_sensitivity
    icm20602.o(i.icm20602_read_data_raw) refers to icm20602.o(i._read_data) for _read_data
    icm20602.o(i.icm20602_read_fifo_accel_raw) refers to icm20602.o(i._read_data) for _read_data
    icm20602.o(i.icm20602_read_fifo_data) refers to icm20602.o(i._get_accel_sensitivity) for _get_accel_sensitivity
    icm20602.o(i.icm20602_read_fifo_data) refers to icm20602.o(i._get_gyro_sensitivity) for _get_gyro_sensitivity
    icm20602.o(i.icm20602_read_fifo_data) refers to icm20602.o(i.icm20602_read_fifo_data_raw) for icm20602_read_fifo_data_raw
    icm20602.o(i.icm20602_read_fifo_data) refers to icm20602.o(.data) for _temp_sensitivity
    icm20602.o(i.icm20602_read_fifo_data_raw) refers to icm20602.o(i._read_data) for _read_data
    icm20602.o(i.icm20602_read_fifo_gyro_raw) refers to icm20602.o(i._read_data) for _read_data
    icm20602.o(i.icm20602_read_gyro) refers to icm20602.o(i._get_gyro_sensitivity) for _get_gyro_sensitivity
    icm20602.o(i.icm20602_read_gyro) refers to icm20602.o(i.icm20602_read_gyro_raw) for icm20602_read_gyro_raw
    icm20602.o(i.icm20602_read_gyro_fifo) refers to icm20602.o(i._get_gyro_sensitivity) for _get_gyro_sensitivity
    icm20602.o(i.icm20602_read_gyro_fifo) refers to icm20602.o(i.icm20602_read_fifo_gyro_raw) for icm20602_read_fifo_gyro_raw
    icm20602.o(i.icm20602_read_gyro_raw) refers to icm20602.o(i._read_data) for _read_data
    event_groups.o(i.vEventGroupClearBitsCallback) refers to event_groups.o(i.xEventGroupClearBits) for xEventGroupClearBits
    event_groups.o(i.vEventGroupDelete) refers to tasks.o(i.vTaskSuspendAll) for vTaskSuspendAll
    event_groups.o(i.vEventGroupDelete) refers to printf3.o(i.__0printf$3) for __2printf
    event_groups.o(i.vEventGroupDelete) refers to tasks.o(i.xTaskRemoveFromUnorderedEventList) for xTaskRemoveFromUnorderedEventList
    event_groups.o(i.vEventGroupDelete) refers to heap_4.o(i.vPortFree) for vPortFree
[...]
    ucMaxSysCallPriority                     0x20000124   Data           1  port.o(.data)
    ulMaxPRIGROUPValue                       0x20000128   Data           4  port.o(.data)
    .data                                    0x2000012c   Section       24  heap_4.o(.data)
    xStart                                   0x2000012c   Data           8  heap_4.o(.data)
    pxEnd                                    0x20000134   Data           4  heap_4.o(.data)
    xFreeBytesRemaining                      0x20000138   Data           4  heap_4.o(.data)
    xMinimumEverFreeBytesRemaining           0x2000013c   Data           4  heap_4.o(.data)
    xBlockAllocatedBit                       0x20000140   Data           4  heap_4.o(.data)
    .data                                    0x20000144   Section       41  main.o(.data)
    ledNum                                   0x2000016c   Data           1  main.o(.data)
    .data                                    0x20000170   Section       17  ano_usb.o(.data)
    usb_linecoding                           0x20000170   Data           7  ano_usb.o(.data)
    g_bUSBConfigured                         0x20000180   Data           1  ano_usb.o(.data)
    .data                                    0x20000182   Section       29  usbdcdc.o(.data)
    g_ui16MaxPacketSize                      0x20000182   Data           2  usbdcdc.o(.data)
    .data                                    0x2000019f   Section        8  usbdcdc.o(.data)
    .data                                    0x200001a8   Section       12  usbdcdc.o(.data)
    .data                                    0x200001b4   Section       12  usbdcdc.o(.data)
    .data                                    0x200001c0   Section       16  usbdcdc.o(.data)
    .data                                    0x200001d0   Section       16  usbdcdc.o(.data)
    .data                                    0x200001e0   Section       16  usbmode.o(.data)
    g_iDualMode                              0x200001e1   Data           1  usbmode.o(.data)
    g_pfnUSBModeCallback                     0x200001ec   Data           4  usbmode.o(.data)
    .data                                    0x200001f0   Section       16  usbdenum.o(.data)
    g_ui32PLLDiv                             0x200001f0   Data           4  usbdenum.o(.data)
    ui32SOFDivide                            0x200001f4   Data           4  usbdenum.o(.data)
    g_ui32ULPISupport                        0x200001f8   Data           4  usbdenum.o(.data)
    .data                                    0x20000200   Section        8  usbtick.o(.data)
    .data                                    0x20000208   Section        4  usbtick.o(.data)
    .data                                    0x2000020c   Section        4  stdout.o(.data)
    vtable                                   0x20000400   Section      620  interrupt.o(vtable)
    g_pfnRAMVectors                          0x20000400   Data         620  interrupt.o(vtable)
    .bss                                     0x2000066c   Section      512  usb_serial_structs.o(.bss)
    .bss                                     0x2000086c   Section       64  queue.o(.bss)
    .bss                                     0x200008ac   Section      200  tasks.o(.bss)
    pxReadyTasksLists                        0x200008ac   Data         100  tasks.o(.bss)
    xDelayedTaskList1                        0x20000910   Data          20  tasks.o(.bss)
    xDelayedTaskList2                        0x20000924   Data          20  tasks.o(.bss)
    xPendingReadyList                        0x20000938   Data          20  tasks.o(.bss)
    xTasksWaitingTermination                 0x2000094c   Data          20  tasks.o(.bss)
    xSuspendedTaskList                       0x20000960   Data          20  tasks.o(.bss)
    .bss                                     0x20000974   Section       40  timers.o(.bss)
    xActiveTimerList1                        0x20000974   Data          20  timers.o(.bss)
    xActiveTimerList2                        0x20000988   Data          20  timers.o(.bss)
    .bss                                     0x2000099c   Section    12288  heap_4.o(.bss)
    ucHeap                                   0x2000099c   Data       12288  heap_4.o(.bss)
    .bss                                     0x200039a0   Section      424  main.o(.bss)
    m_mavlink_status                         0x20003ae8   Data          96  main.o(.bss)
    .bss                                     0x20003b48   Section      144  usbdenum.o(.bss)
    g_pui8DataBufferIn                       0x20003b48   Data          64  usbdenum.o(.bss)
    .bss                                     0x20003bd8   Section       48  usbtick.o(.bss)
    .bss                                     0x20003c08   Section      272  usbdma.o(.bss)
    g_psUSBDMAInst                           0x20003c08   Data         272  usbdma.o(.bss)
    STACK                                    0x20003d18   Section     2048  startup_tm4c123.o(STACK)

    Global Symbols

    Symbol Name                              Value     Ov Type        Size  Object(Section)

    BuildAttributes$$THM_ISAv4$E$P$D$K$B$S$7EM$VFPi3$EXTD16$VFPS$VFMA$PE$A:L22UL41UL21$X:L11$S22US41US21$IEEE1$IW$USESV6$~STKCKD$USESV7$~SHL$OTIME$ROPI$EBA8$MICROLIB$REQ8$PRES8$EABIv2 0x00000000   Number         0  anon$$obj.o ABSOLUTE
    __ARM_use_no_argv                        0x00000000   Number         0  main.o ABSOLUTE
    __Vectors                                0x00000000   Data           4  startup_tm4c123.o(RESET)
    _printf_a                                0x00000000   Number         0  stubs.o ABSOLUTE
    _printf_c                                0x00000000   Number         0  stubs.o ABSOLUTE
    _printf_charcount                        0x00000000   Number         0  stubs.o ABSOLUTE
    _printf_d                                0x00000000   Number         0  stubs.o ABSOLUTE
    _printf_e                                0x00000000   Number         0  stubs.o ABSOLUTE
    _printf_f                                0x00000000   Number         0  stubs.o ABSOLUTE
    _printf_flags                            0x00000000   Number         0  stubs.o ABSOLUTE
    _printf_fp_dec                           0x00000000   Number         0  stubs.o ABSOLUTE
    _printf_fp_hex                           0x00000000   Number         0  stubs.o ABSOLUTE
    _printf_g                                0x00000000   Number         0  stubs.o ABSOLUTE
    _printf_i                                0x00000000   Number         0  stubs.o ABSOLUTE
    _printf_int_dec                          0x00000000   Number         0  stubs.o ABSOLUTE
    _printf_l                                0x00000000   Number         0  stubs.o ABSOLUTE
    _printf_lc                               0x00000000   Number         0  stubs.o ABSOLUTE
    _printf_ll                               0x00000000   Number         0  stubs.o ABSOLUTE
    _printf_lld                              0x00000000   Number         0  stubs.o ABSOLUTE
    _printf_lli                              0x00000000   Number         0  stubs.o ABSOLUTE
    _printf_llo                              0x00000000   Number         0  stubs.o ABSOLUTE
    _printf_llu                              0x00000000   Number         0  stubs.o ABSOLUTE
    _printf_llx                              0x00000000   Number         0  stubs.o ABSOLUTE
    _printf_longlong_dec                     0x00000000   Number         0  stubs.o ABSOLUTE
    _printf_longlong_hex                     0x00000000   Number         0  stubs.o ABSOLUTE
    _printf_longlong_oct                     0x00000000   Number         0  stubs.o ABSOLUTE
    _printf_ls                               0x00000000   Number         0  stubs.o ABSOLUTE
    _printf_mbtowc                           0x00000000   Number         0  stubs.o ABSOLUTE
    _printf_n                                0x00000000   Number         0  stubs.o ABSOLUTE
    _printf_o                                0x00000000   Number         0  stubs.o ABSOLUTE
    _printf_p                                0x00000000   Number         0  stubs.o ABSOLUTE
    _printf_percent                          0x00000000   Number         0  stubs.o ABSOLUTE
    _printf_pre_padding                      0x00000000   Number         0  stubs.o ABSOLUTE
    _printf_return_value                     0x00000000   Number         0  stubs.o ABSOLUTE
    _printf_s                                0x00000000   Number         0  stubs.o ABSOLUTE
    _printf_sizespec                         0x00000000   Number         0  stubs.o ABSOLUTE
    _printf_str                              0x00000000   Number         0  stubs.o ABSOLUTE
    _printf_truncate_signed                  0x00000000   Number         0  stubs.o ABSOLUTE
    _printf_truncate_unsigned                0x00000000   Number         0  stubs.o ABSOLUTE
    _printf_u                                0x00000000   Number         0  stubs.o ABSOLUTE
    _printf_wc                               0x00000000   Number         0  stubs.o ABSOLUTE
    _printf_wctomb                           0x00000000   Number         0  stubs.o ABSOLUTE
    _printf_widthprec                        0x00000000   Number         0  stubs.o ABSOLUTE
    _printf_x                                0x00000000   Number         0  stubs.o ABSOLUTE
    __arm_fini_                               - Undefined Weak Reference
    __cpp_initialize__aeabi_                  - Undefined Weak Reference
    __cxa_finalize                            - Undefined Weak Reference
    _clock_init                               - Undefined Weak Reference
    _microlib_exit                            - Undefined Weak Reference
    __Vectors_End                            0x0000026c   Data           0  startup_tm4c123.o(RESET)
    __Vectors_Size                           0x0000026c   Number         0  startup_tm4c123.o ABSOLUTE
    __main                                   0x0000026d   Thumb Code     0  entry.o(.ARM.Collect$$$$00000000)
    _main_stk                                0x0000026d   Thumb Code     0  entry2.o(.ARM.Collect$$$$00000001)
    _main_scatterload                        0x00000271   Thumb Code     0  entry5.o(.ARM.Collect$$$$00000004)
    __main_after_scatterload                 0x00000275   Thumb Code     0  entry5.o(.ARM.Collect$$$$00000004)
    _main_clock                              0x00000275   Thumb Code     0  entry7b.o(.ARM.Collect$$$$00000008)
    _main_cpp_init                           0x00000275   Thumb Code     0  entry8b.o(.ARM.Collect$$$$0000000A)
    _main_init                               0x00000275   Thumb Code     0  entry9a.o(.ARM.Collect$$$$0000000B)
    __rt_lib_shutdown_fini                   0x0000027d   Thumb Code     0  entry12b.o(.ARM.Collect$$$$0000000E)
    __rt_final_cpp                           0x00000281   Thumb Code     0  entry10a.o(.ARM.Collect$$$$0000000F)
    __rt_final_exit                          0x00000281   Thumb Code     0  entry11a.o(.ARM.Collect$$$$00000011)
    SVC_Handler                              0x00000285   Thumb Code    28  port.o(.emb_text)
    __asm___6_port_c_39a90d8d__prvStartFirstTask 0x000002a5   Thumb Code    28  port.o(.emb_text)
    __asm___6_port_c_39a90d8d__prvEnableVFP  0x000002c5   Thumb Code    16  port.o(.emb_text)
    PendSV_Handler                           0x000002d9   Thumb Code    88  port.o(.emb_text)
    vPortGetIPSR                             0x00000335   Thumb Code     6  port.o(.emb_text)
    CPUcpsid                                 0x0000033d   Thumb Code     8  cpu.o(.emb_text)
    CPUprimask                               0x00000345   Thumb Code     6  cpu.o(.emb_text)
    CPUcpsie                                 0x0000034b   Thumb Code     8  cpu.o(.emb_text)
    CPUwfi                                   0x00000353   Thumb Code     4  cpu.o(.emb_text)
    CPUbasepriSet                            0x00000357   Thumb Code     6  cpu.o(.emb_text)
    CPUbasepriGet                            0x0000035d   Thumb Code     6  cpu.o(.emb_text)
    Reset_Handler                            0x00000365   Thumb Code     4  startup_tm4c123.o(.text)
    NMI_Handler                              0x00000369   Thumb Code     2  startup_tm4c123.o(.text)
    HardFault_Handler                        0x0000036b   Thumb Code     2  startup_tm4c123.o(.text)
    MemManage_Handler                        0x0000036d   Thumb Code     2  startup_tm4c123.o(.text)
    BusFault_Handler                         0x0000036f   Thumb Code     2  startup_tm4c123.o(.text)
    UsageFault_Handler                       0x00000371   Thumb Code     2  startup_tm4c123.o(.text)
    DebugMon_Handler                         0x00000375   Thumb Code     2  startup_tm4c123.o(.text)
    GPIOA_Handler                            0x0000037b   Thumb Code     2  startup_tm4c123.o(.text)
    GPIOB_Handler                            0x0000037d   Thumb Code     2  startup_tm4c123.o(.text)
    GPIOC_Handler                            0x0000037f   Thumb Code     2  startup_tm4c123.o(.text)
    GPIOD_Handler                            0x00000381   Thumb Code     2  startup_tm4c123.o(.text)
    GPIOE_Handler                            0x00000383   Thumb Code     2  startup_tm4c123.o(.text)
    UART0_Handler                            0x00000385   Thumb Code     2  startup_tm4c123.o(.text)
    UART1_Handler                            0x00000387   Thumb Code     2  startup_tm4c123.o(.text)
    SSI0_Handler                             0x00000389   Thumb Code     2  startup_tm4c123.o(.text)
    I2C0_Handler                             0x0000038b   Thumb Code     2  startup_tm4c123.o(.text)
    PMW0_FAULT_Handler                       0x0000038d   Thumb Code     2  startup_tm4c123.o(.text)
    PWM0_0_Handler                           0x0000038f   Thumb Code     2  startup_tm4c123.o(.text)
    PWM0_1_Handler                           0x00000391   Thumb Code     2  startup_tm4c123.o(.text)
    PWM0_2_Handler                           0x00000393   Thumb Code     2  startup_tm4c123.o(.text)
    QEI0_Handler                             0x00000395   Thumb Code     2  startup_tm4c123.o(.text)
    ADC0SS0_Handler                          0x00000397   Thumb Code     2  startup_tm4c123.o(.text)
    ADC0SS1_Handler                          0x00000399   Thumb Code     2  startup_tm4c123.o(.text)
    ADC0SS2_Handler                          0x0000039b   Thumb Code     2  startup_tm4c123.o(.text)
    ADC0SS3_Handler                          0x0000039d   Thumb Code     2  startup_tm4c123.o(.text)
    WDT0_Handler                             0x0000039f   Thumb Code     2  startup_tm4c123.o(.text)
    TIMER0A_Handler                          0x000003a1   Thumb Code     2  startup_tm4c123.o(.text)
    TIMER0B_Handler                          0x000003a3   Thumb Code     2  startup_tm4c123.o(.text)
    TIMER1A_Handler                          0x000003a5   Thumb Code     2  startup_tm4c123.o(.text)
    TIMER1B_Handler                          0x000003a7   Thumb Code     2  startup_tm4c123.o(.text)
    TIMER2A_Handler                          0x000003a9   Thumb Code     2  startup_tm4c123.o(.text)
    TIMER2B_Handler                          0x000003ab   Thumb Code     2  startup_tm4c123.o(.text)
    COMP0_Handler                            0x000003ad   Thumb Code     2  startup_tm4c123.o(.text)
    COMP1_Handler                            0x000003af   Thumb Code     2  startup_tm4c123.o(.text)
    COMP2_Handler                            0x000003b1   Thumb Code     2  startup_tm4c123.o(.text)
    SYSCTL_Handler                           0x000003b3   Thumb Code     2  startup_tm4c123.o(.text)
    FLASH_Handler                            0x000003b5   Thumb Code     2  startup_tm4c123.o(.text)
    GPIOF_Handler                            0x000003b7   Thumb Code     2  startup_tm4c123.o(.text)
    GPIOG_Handler                            0x000003b9   Thumb Code     2  startup_tm4c123.o(.text)
    GPIOH_Handler                            0x000003bb   Thumb Code     2  startup_tm4c123.o(.text)
    UART2_Handler                            0x000003bd   Thumb Code     2  startup_tm4c123.o(.text)
    SSI1_Handler                             0x000003bf   Thumb Code     2  startup_tm4c123.o(.text)
    TIMER3A_Handler                          0x000003c1   Thumb Code     2  startup_tm4c123.o(.text)
    TIMER3B_Handler                          0x000003c3   Thumb Code     2  startup_tm4c123.o(.text)
    I2C1_Handler                             0x000003c5   Thumb Code     2  startup_tm4c123.o(.text)
    QEI1_Handler                             0x000003c7   Thumb Code     2  startup_tm4c123.o(.text)
    CAN0_Handler                             0x000003c9   Thumb Code     2  startup_tm4c123.o(.text)
    CAN1_Handler                             0x000003cb   Thumb Code     2  startup_tm4c123.o(.text)
    CAN2_Handler                             0x000003cd   Thumb Code     2  startup_tm4c123.o(.text)
    HIB_Handler                              0x000003cf   Thumb Code     2  startup_tm4c123.o(.text)
    USB0_Handler                             0x000003d1   Thumb Code     2  startup_tm4c123.o(.text)
    PWM0_3_Handler                           0x000003d3   Thumb Code     2  startup_tm4c123.o(.text)
    UDMA_Handler                             0x000003d5   Thumb Code     2  startup_tm4c123.o(.text)
    UDMAERR_Handler                          0x000003d7   Thumb Code     2  startup_tm4c123.o(.text)
    ADC1SS0_Handler                          0x000003d9   Thumb Code     2  startup_tm4c123.o(.text)
    ADC1SS1_Handler                          0x000003db   Thumb Code     2  startup_tm4c123.o(.text)
    ADC1SS2_Handler                          0x000003dd   Thumb Code     2  startup_tm4c123.o(.text)
    ADC1SS3_Handler                          0x000003df   Thumb Code     2  startup_tm4c123.o(.text)
    GPIOJ_Handler                            0x000003e1   Thumb Code     2  startup_tm4c123.o(.text)
    GPIOK_Handler                            0x000003e3   Thumb Code     2  startup_tm4c123.o(.text)
    GPIOL_Handler                            0x000003e5   Thumb Code     2  startup_tm4c123.o(.text)
    SSI2_Handler                             0x000003e7   Thumb Code     2  startup_tm4c123.o(.text)
    SSI3_Handler                             0x000003e9   Thumb Code     2  startup_tm4c123.o(.text)
    UART3_Handler                            0x000003eb   Thumb Code     2  startup_tm4c123.o(.text)
    UART4_Handler                            0x000003ed   Thumb Code     2  startup_tm4c123.o(.text)
    UART5_Handler                            0x000003ef   Thumb Code     2  startup_tm4c123.o(.text)
    UART6_Handler                            0x000003f1   Thumb Code     2  startup_tm4c123.o(.text)
    UART7_Handler                            0x000003f3   Thumb Code     2  startup_tm4c123.o(.text)
    I2C2_Handler                             0x000003f5   Thumb Code     2  startup_tm4c123.o(.text)
    I2C3_Handler                             0x000003f7   Thumb Code     2  startup_tm4c123.o(.text)
    TIMER4A_Handler                          0x000003f9   Thumb Code     2  startup_tm4c123.o(.text)
    TIMER4B_Handler                          0x000003fb   Thumb Code     2  startup_tm4c123.o(.text)
    TIMER5A_Handler                          0x000003fd   Thumb Code     2  startup_tm4c123.o(.text)
    TIMER5B_Handler                          0x000003ff   Thumb Code     2  startup_tm4c123.o(.text)
    WTIMER0A_Handler                         0x00000401   Thumb Code     2  startup_tm4c123.o(.text)
    WTIMER0B_Handler                         0x00000403   Thumb Code     2  startup_tm4c123.o(.text)
    WTIMER1A_Handler                         0x00000405   Thumb Code     2  startup_tm4c123.o(.text)
    WTIMER1B_Handler                         0x00000407   Thumb Code     2  startup_tm4c123.o(.text)
    WTIMER2A_Handler                         0x00000409   Thumb Code     2  startup_tm4c123.o(.text)
    WTIMER2B_Handler                         0x0000040b   Thumb Code     2  startup_tm4c123.o(.text)
    WTIMER3A_Handler                         0x0000040d   Thumb Code     2  startup_tm4c123.o(.text)
    WTIMER3B_Handler                         0x0000040f   Thumb Code     2  startup_tm4c123.o(.text)
    WTIMER4A_Handler                         0x00000411   Thumb Code     2  startup_tm4c123.o(.text)
    WTIMER4B_Handler                         0x00000413   Thumb Code     2  startup_tm4c123.o(.text)
    WTIMER5A_Handler                         0x00000415   Thumb Code     2  startup_tm4c123.o(.text)
    WTIMER5B_Handler                         0x00000417   Thumb Code     2  startup_tm4c123.o(.text)
    FPU_Handler                              0x00000419   Thumb Code     2  startup_tm4c123.o(.text)
    I2C4_Handler                             0x0000041b   Thumb Code     2  startup_tm4c123.o(.text)
    I2C5_Handler                             0x0000041d   Thumb Code     2  startup_tm4c123.o(.text)
    GPIOM_Handler                            0x0000041f   Thumb Code     2  startup_tm4c123.o(.text)
    GPION_Handler                            0x00000421   Thumb Code     2  startup_tm4c123.o(.text)
    QEI2_Handler                             0x00000423   Thumb Code     2  startup_tm4c123.o(.text)
    GPIOP0_Handler                           0x00000425   Thumb Code     2  startup_tm4c123.o(.text)
    GPIOP1_Handler                           0x00000427   Thumb Code     2  startup_tm4c123.o(.text)
    GPIOP2_Handler                           0x00000429   Thumb Code     2  startup_tm4c123.o(.text)
    GPIOP3_Handler                           0x0000042b   Thumb Code     2  startup_tm4c123.o(.text)
    GPIOP4_Handler                           0x0000042d   Thumb Code     2  startup_tm4c123.o(.text)
    GPIOP5_Handler                           0x0000042f   Thumb Code     2  startup_tm4c123.o(.text)
    GPIOP6_Handler                           0x00000431   Thumb Code     2  startup_tm4c123.o(.text)
    GPIOP7_Handler                           0x00000433   Thumb Code     2  startup_tm4c123.o(.text)
    GPIOQ0_Handler                           0x00000435   Thumb Code     2  startup_tm4c123.o(.text)
    GPIOQ1_Handler                           0x00000437   Thumb Code     2  startup_tm4c123.o(.text)
    GPIOQ2_Handler                           0x00000439   Thumb Code     2  startup_tm4c123.o(.text)
    GPIOQ3_Handler                           0x0000043b   Thumb Code     2  startup_tm4c123.o(.text)
    GPIOQ4_Handler                           0x0000043d   Thumb Code     2  startup_tm4c123.o(.text)
    GPIOQ5_Handler                           0x0000043f   Thumb Code     2  startup_tm4c123.o(.text)
    GPIOQ6_Handler                           0x00000441   Thumb Code     2  startup_tm4c123.o(.text)
    GPIOQ7_Handler                           0x00000443   Thumb Code     2  startup_tm4c123.o(.text)
    GPIOR_Handler                            0x00000445   Thumb Code     2  startup_tm4c123.o(.text)
    GPIOS_Handler                            0x00000447   Thumb Code     2  startup_tm4c123.o(.text)
    PMW1_0_Handler                           0x00000449   Thumb Code     2  startup_tm4c123.o(.text)
    PWM1_1_Handler                           0x0000044b   Thumb Code     2  startup_tm4c123.o(.text)
    PWM1_2_Handler                           0x0000044d   Thumb Code     2  startup_tm4c123.o(.text)
    PWM1_3_Handler                           0x0000044f   Thumb Code     2  startup_tm4c123.o(.text)
    PWM1_FAULT_Handler                       0x00000451   Thumb Code     2  startup_tm4c123.o(.text)
    __aeabi_memcpy                           0x00000459   Thumb Code    36  memcpya.o(.text)
    __aeabi_memcpy4                          0x00000459   Thumb Code     0  memcpya.o(.text)
    __aeabi_memcpy8                          0x00000459   Thumb Code     0  memcpya.o(.text)
    __aeabi_memset                           0x0000047d   Thumb Code    14  memseta.o(.text)
    __aeabi_memset4                          0x0000047d   Thumb Code     0  memseta.o(.text)
    __aeabi_memset8                          0x0000047d   Thumb Code     0  memseta.o(.text)
    __aeabi_memclr                           0x0000048b   Thumb Code     4  memseta.o(.text)
    __aeabi_memclr4                          0x0000048b   Thumb Code     0  memseta.o(.text)
    __aeabi_memclr8                          0x0000048b   Thumb Code     0  memseta.o(.text)
    _memset$wrapper                          0x0000048f   Thumb Code    18  memseta.o(.text)
    __aeabi_uidiv                            0x000004a1   Thumb Code     0  uidiv.o(.text)
    __aeabi_uidivmod                         0x000004a1   Thumb Code    44  uidiv.o(.text)
    __scatterload                            0x000004cd   Thumb Code    28  init.o(.text)
    __scatterload_rt2                        0x000004cd   Thumb Code     0  init.o(.text)
    __decompress                             0x000004f1   Thumb Code     0  __dczerorl2.o(.text)
    __decompress1                            0x000004f1   Thumb Code    86  __dczerorl2.o(.text)
    AnoUsbCdcInit                            0x00000549   Thumb Code    98  ano_usb.o(i.AnoUsbCdcInit)
    AnoUsbCdcSend                            0x000005c5   Thumb Code    24  ano_usb.o(i.AnoUsbCdcSend)
    ControlHandler                           0x000006d5   Thumb Code   138  ano_usb.o(i.ControlHandler)
    Drv_BspInit                              0x000007c5   Thumb Code   106  drv_bsp.o(i.Drv_BspInit)
    Drv_LedOnOff                             0x00000841   Thumb Code   180  drv_led.o(i.Drv_LedOnOff)
    Dvr_LedInit                              0x000008fd   Thumb Code   138  drv_led.o(i.Dvr_LedInit)
    IntDisable                               0x00000d51   Thumb Code    92  interrupt.o(i.IntDisable)
    IntEnable                                0x00000db5   Thumb Code    92  interrupt.o(i.IntEnable)
    IntIsEnabled                             0x00000e19   Thumb Code    88  interrupt.o(i.IntIsEnabled)
    IntMasterDisable                         0x00000e79   Thumb Code    14  interrupt.o(i.IntMasterDisable)
    IntMasterEnable                          0x00000e87   Thumb Code    14  interrupt.o(i.IntMasterEnable)
    IntRegister                              0x00000e95   Thumb Code    44  interrupt.o(i.IntRegister)
    InternalUSBRegisterTickHandler           0x00000ec9   Thumb Code    44  usbtick.o(i.InternalUSBRegisterTickHandler)
    InternalUSBStartOfFrameTick              0x00000efd   Thumb Code    46  usbtick.o(i.InternalUSBStartOfFrameTick)
    InternalUSBTickInit                      0x00000f35   Thumb Code    46  usbtick.o(i.InternalUSBTickInit)
    ProcessDataFromHost                      0x00000f6d   Thumb Code   134  usbdcdc.o(i.ProcessDataFromHost)
    ProcessDataToHost                        0x00000ff5   Thumb Code    94  usbdcdc.o(i.ProcessDataToHost)
    RxHandler                                0x00001059   Thumb Code    38  ano_usb.o(i.RxHandler)
    SysCtlPeripheralEnable                   0x00001201   Thumb Code    36  sysctl.o(i.SysCtlPeripheralEnable)
    SysCtlPeripheralReset                    0x00001229   Thumb Code    56  sysctl.o(i.SysCtlPeripheralReset)
    SysCtlUSBPLLEnable                       0x00001265   Thumb Code    12  sysctl.o(i.SysCtlUSBPLLEnable)
    SysTick_Handler                          0x00001275   Thumb Code    16  drv_bsp.o(i.SysTick_Handler)
    TxHandler                                0x000012bb   Thumb Code    18  ano_usb.o(i.TxHandler)
    ULPIConfigSet                            0x000012cd   Thumb Code    90  usbulpi.o(i.ULPIConfigSet)
    USB0DeviceIntHandler                     0x00001329   Thumb Code    20  usbdhandler.o(i.USB0DeviceIntHandler)
    USBBufferEventCallback                   0x00001341   Thumb Code   340  usbbuffer.o(i.USBBufferEventCallback)
    USBBufferFlush                           0x00001495   Thumb Code     6  usbbuffer.o(i.USBBufferFlush)
    USBBufferInit                            0x0000149b   Thumb Code    24  usbbuffer.o(i.USBBufferInit)
    USBBufferWrite                           0x000014b3   Thumb Code    52  usbbuffer.o(i.USBBufferWrite)
    USBClockEnable                           0x000014e7   Thumb Code    10  usb.o(i.USBClockEnable)
    USBControllerVersion                     0x000014f1   Thumb Code    10  usb.o(i.USBControllerVersion)
    USBDCDCCompositeInit                     0x000014fd   Thumb Code   184  usbdcdc.o(i.USBDCDCCompositeInit)
    USBDCDCInit                              0x000015d9   Thumb Code    66  usbdcdc.o(i.USBDCDCInit)
    USBDCDCPacketRead                        0x00001625   Thumb Code   164  usbdcdc.o(i.USBDCDCPacketRead)
    USBDCDCPacketWrite                       0x000016c9   Thumb Code    84  usbdcdc.o(i.USBDCDCPacketWrite)
    USBDCDCRxPacketAvailable                 0x00001721   Thumb Code    56  usbdcdc.o(i.USBDCDCRxPacketAvailable)
    USBDCDCTxPacketAvailable                 0x00001759   Thumb Code    16  usbdcdc.o(i.USBDCDCTxPacketAvailable)
    USBDCDConfigDescGet                      0x0000176d   Thumb Code    86  usbdcdesc.o(i.USBDCDConfigDescGet)
    USBDCDConfigDescGetNum                   0x000017c3   Thumb Code    54  usbdcdesc.o(i.USBDCDConfigDescGetNum)
    USBDCDConfigDescGetSize                  0x000017f9   Thumb Code    34  usbdcdesc.o(i.USBDCDConfigDescGetSize)
    USBDCDConfigGetInterface                 0x0000181b   Thumb Code   188  usbdcdesc.o(i.USBDCDConfigGetInterface)
    USBDCDConfigGetInterfaceEndpoint         0x000018d7   Thumb Code    94  usbdcdesc.o(i.USBDCDConfigGetInterfaceEndpoint)
    USBDCDDeviceInfoInit                     0x00001935   Thumb Code    54  usbdenum.o(i.USBDCDDeviceInfoInit)
    USBDCDFeatureGet                         0x00001979   Thumb Code    18  usbdenum.o(i.USBDCDFeatureGet)
    USBDCDInit                               0x00001991   Thumb Code   392  usbdenum.o(i.USBDCDInit)
    USBDCDRequestDataEP0                     0x00001b39   Thumb Code    14  usbdenum.o(i.USBDCDRequestDataEP0)
    USBDCDSendDataEP0                        0x00001b4d   Thumb Code    14  usbdenum.o(i.USBDCDSendDataEP0)
    USBDCDStallEP0                           0x00001b61   Thumb Code    20  usbdenum.o(i.USBDCDStallEP0)
    USBDMAChannelAddressSet                  0x0000208d   Thumb Code    10  usb.o(i.USBDMAChannelAddressSet)
    USBDMAChannelConfigSet                   0x00002097   Thumb Code    22  usb.o(i.USBDMAChannelConfigSet)
    USBDMAChannelCountSet                    0x000020ad   Thumb Code    10  usb.o(i.USBDMAChannelCountSet)
    USBDMAChannelDisable                     0x000020b7   Thumb Code    18  usb.o(i.USBDMAChannelDisable)
    USBDMAChannelEnable                      0x000020c9   Thumb Code    18  usb.o(i.USBDMAChannelEnable)
    USBDMAChannelIntDisable                  0x000020db   Thumb Code    18  usb.o(i.USBDMAChannelIntDisable)
    USBDMAChannelIntEnable                   0x000020ed   Thumb Code    18  usb.o(i.USBDMAChannelIntEnable)
    USBDMAChannelIntStatus                   0x000020ff   Thumb Code     6  usb.o(i.USBDMAChannelIntStatus)
    USBDMAChannelStatus                      0x00002105   Thumb Code    14  usb.o(i.USBDMAChannelStatus)
    USBDescGet                               0x000023e9   Thumb Code    54  usbdesc.o(i.USBDescGet)
    USBDescGetNum                            0x0000241f   Thumb Code    46  usbdesc.o(i.USBDescGetNum)
    USBDevAddrSet                            0x0000244d   Thumb Code     4  usb.o(i.USBDevAddrSet)
    USBDevConnect                            0x00002451   Thumb Code    10  usb.o(i.USBDevConnect)
    USBDevDisconnect                         0x0000245b   Thumb Code    10  usb.o(i.USBDevDisconnect)
    USBDevEndpointConfigSet                  0x00002465   Thumb Code   136  usb.o(i.USBDevEndpointConfigSet)
    USBDevEndpointDataAck                    0x000024ed   Thumb Code    36  usb.o(i.USBDevEndpointDataAck)
    USBDevEndpointStall                      0x00002511   Thumb Code    52  usb.o(i.USBDevEndpointStall)
    USBDevEndpointStallClear                 0x00002545   Thumb Code    74  usb.o(i.USBDevEndpointStallClear)
    USBDevEndpointStatusClear                0x0000258f   Thumb Code    94  usb.o(i.USBDevEndpointStatusClear)
    USBDevLPMConfig                          0x000025ed   Thumb Code     6  usb.o(i.USBDevLPMConfig)
    USBDevLPMDisable                         0x000025f3   Thumb Code    14  usb.o(i.USBDevLPMDisable)
    USBDevLPMEnable                          0x00002601   Thumb Code    14  usb.o(i.USBDevLPMEnable)
    USBDevMode                               0x0000260f   Thumb Code     8  usb.o(i.USBDevMode)
    USBDeviceConfig                          0x00002619   Thumb Code   410  usbdconfig.o(i.USBDeviceConfig)
    USBDeviceConfigAlternate                 0x000027b9   Thumb Code   194  usbdconfig.o(i.USBDeviceConfigAlternate)
    USBDeviceEnumHandler                     0x00002881   Thumb Code   224  usbdenum.o(i.USBDeviceEnumHandler)
    USBDeviceIntHandlerInternal              0x0000296d   Thumb Code   388  usbdenum.o(i.USBDeviceIntHandlerInternal)
    USBDeviceResumeTickHandler               0x00002b05   Thumb Code    76  usbdenum.o(i.USBDeviceResumeTickHandler)
    USBEndpointDMAChannel                    0x00002b5d   Thumb Code    26  usb.o(i.USBEndpointDMAChannel)
    USBEndpointDMAConfigSet                  0x00002b77   Thumb Code    86  usb.o(i.USBEndpointDMAConfigSet)
    USBEndpointDMADisable                    0x00002bcd   Thumb Code    36  usb.o(i.USBEndpointDMADisable)
    USBEndpointDMAEnable                     0x00002bf1   Thumb Code    36  usb.o(i.USBEndpointDMAEnable)
    USBEndpointDataAvail                     0x00002c15   Thumb Code    30  usb.o(i.USBEndpointDataAvail)
    USBEndpointDataGet                       0x00002c33   Thumb Code    84  usb.o(i.USBEndpointDataGet)
    USBEndpointDataPut                       0x00002c87   Thumb Code    58  usb.o(i.USBEndpointDataPut)
    USBEndpointDataSend                      0x00002cc1   Thumb Code    48  usb.o(i.USBEndpointDataSend)
    USBEndpointPacketCountSet                0x00002cf1   Thumb Code    12  usb.o(i.USBEndpointPacketCountSet)
    USBEndpointStatus                        0x00002cfd   Thumb Code    16  usb.o(i.USBEndpointStatus)
    USBFIFOAddrGet                           0x00002d0d   Thumb Code     8  usb.o(i.USBFIFOAddrGet)
    USBFIFOConfigSet                         0x00002d15   Thumb Code    64  usb.o(i.USBFIFOConfigSet)
    USBHostResume                            0x00002d55   Thumb Code    18  usb.o(i.USBHostResume)
    USBIntEnableControl                      0x00002d69   Thumb Code    38  usb.o(i.USBIntEnableControl)
    USBIntEnableEndpoint                     0x00002d95   Thumb Code    22  usb.o(i.USBIntEnableEndpoint)
    USBIntRegister                           0x00002dad   Thumb Code    58  usb.o(i.USBIntRegister)
    USBIntStatusControl                      0x00002df1   Thumb Code    56  usb.o(i.USBIntStatusControl)
    USBIntStatusEndpoint                     0x00002e2d   Thumb Code    10  usb.o(i.USBIntStatusEndpoint)
    USBLPMIntEnable                          0x00002e37   Thumb Code    12  usb.o(i.USBLPMIntEnable)
    USBLPMIntStatus                          0x00002e43   Thumb Code     6  usb.o(i.USBLPMIntStatus)
    USBLibDMAInit                            0x00002e49   Thumb Code   232  usbdma.o(i.USBLibDMAInit)
    USBOTGMode                               0x00002fa5   Thumb Code     8  usb.o(i.USBOTGMode)
    USBRingBufAdvanceRead                    0x00002fad   Thumb Code    70  usbringbuf.o(i.USBRingBufAdvanceRead)
    USBRingBufAdvanceWrite                   0x00002ff3   Thumb Code    84  usbringbuf.o(i.USBRingBufAdvanceWrite)
    USBRingBufContigFree                     0x00003047   Thumb Code    30  usbringbuf.o(i.USBRingBufContigFree)
    USBRingBufContigUsed                     0x00003065   Thumb Code    16  usbringbuf.o(i.USBRingBufContigUsed)
    USBRingBufFlush                          0x00003075   Thumb Code    26  usbringbuf.o(i.USBRingBufFlush)
    USBRingBufFree                           0x0000308f   Thumb Code    22  usbringbuf.o(i.USBRingBufFree)
    USBRingBufInit                           0x000030a5   Thumb Code    12  usbringbuf.o(i.USBRingBufInit)
    USBRingBufUsed                           0x000030b1   Thumb Code    20  usbringbuf.o(i.USBRingBufUsed)
    USBRingBufWrite                          0x000030c5   Thumb Code    80  usbringbuf.o(i.USBRingBufWrite)
    USBStackModeSet                          0x00003115   Thumb Code    24  usbmode.o(i.USBStackModeSet)
    USBULPIDisable                           0x00003131   Thumb Code    14  usb.o(i.USBULPIDisable)
    USBULPIEnable                            0x0000313f   Thumb Code    14  usb.o(i.USBULPIEnable)
    USBULPIRegRead                           0x0000314d   Thumb Code    32  usb.o(i.USBULPIRegRead)
    USBULPIRegWrite                          0x0000316d   Thumb Code    32  usb.o(i.USBULPIRegWrite)
    __0printf$3                              0x0000318d   Thumb Code    22  printf3.o(i.__0printf$3)
    __1printf$3                              0x0000318d   Thumb Code     0  printf3.o(i.__0printf$3)
    __2printf                                0x0000318d   Thumb Code     0  printf3.o(i.__0printf$3)
    __scatterload_copy                       0x000031ad   Thumb Code    14  handlers.o(i.__scatterload_copy)
    __scatterload_null                       0x000031bb   Thumb Code     2  handlers.o(i.__scatterload_null)
    __scatterload_zeroinit                   0x000031bd   Thumb Code    14  handlers.o(i.__scatterload_zeroinit)
    _read_data                               0x0000339d   Thumb Code    74  icm20602.o(i._read_data)
    fputc                                    0x00003409   Thumb Code    16  ano_usb.o(i.fputc)
    icm20602_init                            0x000036a7   Thumb Code   612  icm20602.o(i.icm20602_init)
    icm20602_pin_init                        0x0000390d   Thumb Code    50  spi.o(i.icm20602_pin_init)
    icm20602_read                            0x00003945   Thumb Code    70  spi.o(i.icm20602_read)
    icm20602_read_data_raw                   0x0000398b   Thumb Code   292  icm20602.o(i.icm20602_read_data_raw)
    icm20602_write                           0x00003aaf   Thumb Code    68  spi.o(i.icm20602_write)
    led_task                                 0x00003af5   Thumb Code    70  main.o(i.led_task)
    main                                     0x00003b41   Thumb Code    56  main.o(i.main)
    pvPortMalloc                             0x00004e01   Thumb Code   262  heap_4.o(i.pvPortMalloc)
    pvTaskIncrementMutexHeldCount            0x00004f51   Thumb Code    26  tasks.o(i.pvTaskIncrementMutexHeldCount)
    pxPortInitialiseStack                    0x00004f71   Thumb Code    38  port.o(i.pxPortInitialiseStack)
    send_data                                0x00004f9d   Thumb Code   104  main.o(i.send_data)
    spi_init                                 0x00005015   Thumb Code   182  spi.o(i.spi_init)
    spi_receive                              0x000050e1   Thumb Code    28  spi.o(i.spi_receive)
    spi_single_send                          0x000050fd   Thumb Code    58  spi.o(i.spi_single_send)
    spi_transmit                             0x0000513d   Thumb Code    26  spi.o(i.spi_transmit)
    uDMAChannelAttributeDisable              0x00005159   Thumb Code    66  udma.o(i.uDMAChannelAttributeDisable)
    uDMAChannelControlSet                    0x000051a1   Thumb Code    24  udma.o(i.uDMAChannelControlSet)
    uDMAChannelDisable                       0x000051c1   Thumb Code    16  udma.o(i.uDMAChannelDisable)
    uDMAChannelEnable                        0x000051d5   Thumb Code    16  udma.o(i.uDMAChannelEnable)
    uDMAChannelModeGet                       0x000051e9   Thumb Code    34  udma.o(i.uDMAChannelModeGet)
    uDMAChannelTransferSet                   0x00005211   Thumb Code   124  udma.o(i.uDMAChannelTransferSet)
    uxListRemove                             0x0000564f   Thumb Code    40  list.o(i.uxListRemove)
    vListInitialise                          0x00005677   Thumb Code    26  list.o(i.vListInitialise)
    vListInitialiseItem                      0x00005691   Thumb Code     6  list.o(i.vListInitialiseItem)
    vListInsert                              0x00005697   Thumb Code    52  list.o(i.vListInsert)
    vListInsertEnd                           0x000056cb   Thumb Code    24  list.o(i.vListInsertEnd)
    vPortEnterCritical                       0x000056e5   Thumb Code    68  port.o(i.vPortEnterCritical)
    vPortExitCritical                        0x00005769   Thumb Code    48  port.o(i.vPortExitCritical)
    vPortFree                                0x000057d5   Thumb Code   120  heap_4.o(i.vPortFree)
    vPortSetupTimerInterrupt                 0x00005889   Thumb Code    14  port.o(i.vPortSetupTimerInterrupt)
    vPortValidateInterruptPriority           0x0000589d   Thumb Code    86  port.o(i.vPortValidateInterruptPriority)
    vQueueAddToRegistry                      0x00005939   Thumb Code    38  queue.o(i.vQueueAddToRegistry)
    vQueueWaitForMessageRestricted           0x00005965   Thumb Code    74  queue.o(i.vQueueWaitForMessageRestricted)
    vTaskDelay                               0x000059b1   Thumb Code    72  tasks.o(i.vTaskDelay)
    vTaskDelayUntil                          0x00005a25   Thumb Code   170  tasks.o(i.vTaskDelayUntil)
    vTaskMissedYield                         0x00005b01   Thumb Code     8  tasks.o(i.vTaskMissedYield)
    vTaskPlaceOnEventList                    0x00005b0d   Thumb Code    42  tasks.o(i.vTaskPlaceOnEventList)
    vTaskPlaceOnEventListRestricted          0x00005b61   Thumb Code    50  tasks.o(i.vTaskPlaceOnEventListRestricted)
    vTaskPriorityInherit                     0x00005bbd   Thumb Code   164  tasks.o(i.vTaskPriorityInherit)
    vTaskSetTimeOutState                     0x00005c6d   Thumb Code    32  tasks.o(i.vTaskSetTimeOutState)
    vTaskStartScheduler                      0x00005cb9   Thumb Code   108  tasks.o(i.vTaskStartScheduler)
    vTaskSuspendAll                          0x00005d65   Thumb Code    12  tasks.o(i.vTaskSuspendAll)
    vTaskSwitchContext                       0x00005d75   Thumb Code   110  tasks.o(i.vTaskSwitchContext)
    xPortStartScheduler                      0x00005e1d   Thumb Code   258  port.o(i.xPortStartScheduler)
    xPortSysTickHandler                      0x00005f75   Thumb Code    46  port.o(i.xPortSysTickHandler)
    xQueueGenericCreate                      0x00005fa9   Thumb Code    78  queue.o(i.xQueueGenericCreate)
    xQueueGenericReceive                     0x0000601d   Thumb Code   416  queue.o(i.xQueueGenericReceive)
    xQueueGenericReset                       0x000061e5   Thumb Code   136  queue.o(i.xQueueGenericReset)
    xQueueGenericSend                        0x00006295   Thumb Code   412  queue.o(i.xQueueGenericSend)
    xQueueGenericSendFromISR                 0x00006459   Thumb Code   234  queue.o(i.xQueueGenericSendFromISR)
    xTaskCheckForTimeOut                     0x00006569   Thumb Code   116  tasks.o(i.xTaskCheckForTimeOut)
    xTaskCreate                              0x00006609   Thumb Code    96  tasks.o(i.xTaskCreate)
    xTaskGetSchedulerState                   0x00006669   Thumb Code    24  tasks.o(i.xTaskGetSchedulerState)
    xTaskGetTickCount                        0x00006689   Thumb Code     6  tasks.o(i.xTaskGetTickCount)
    xTaskIncrementTick                       0x00006695   Thumb Code   272  tasks.o(i.xTaskIncrementTick)
    xTaskPriorityDisinherit                  0x000067f5   Thumb Code   168  tasks.o(i.xTaskPriorityDisinherit)
    xTaskRemoveFromEventList                 0x000068cd   Thumb Code   118  tasks.o(i.xTaskRemoveFromEventList)
    xTaskResumeAll                           0x00006981   Thumb Code   214  tasks.o(i.xTaskResumeAll)
    xTimerCreateTimerTask                    0x00006aa1   Thumb Code    54  timers.o(i.xTimerCreateTimerTask)
    xTimerGenericCommand                     0x00006b11   Thumb Code   118  timers.o(i.xTimerGenericCommand)
    g_pui8LangDescriptor                     0x00006bb0   Data           4  usb_serial_structs.o(.constdata)
    g_pui8ManufacturerString                 0x00006bb4   Data          36  usb_serial_structs.o(.constdata)
    g_pui8ProductString                      0x00006bd8   Data          36  usb_serial_structs.o(.constdata)
    g_pui8SerialNumberString                 0x00006bfc   Data          18  usb_serial_structs.o(.constdata)
    g_pui8ControlInterfaceString             0x00006c0e   Data          44  usb_serial_structs.o(.constdata)
    g_pui8ConfigString                       0x00006c3a   Data          54  usb_serial_structs.o(.constdata)
    g_ppui8StringDescriptors                 0x00006c70   Data          24  usb_serial_structs.o(.constdata)
    g_sCDCSerConfigSection                   0x00006d88   Data           8  usbdcdc.o(.constdata)
    g_sIADSerConfigSection                   0x00006d90   Data           8  usbdcdc.o(.constdata)
    g_pui8CDCSerCommInterface                0x00006d98   Data          35  usbdcdc.o(.constdata)
    g_sCDCSerCommInterfaceSection            0x00006dbc   Data           8  usbdcdc.o(.constdata)
    g_pui8CDCSerDataInterface                0x00006dc4   Data          23  usbdcdc.o(.constdata)
    g_sCDCSerDataInterfaceSection            0x00006ddc   Data           8  usbdcdc.o(.constdata)
    g_pui8CDCSerDataInterfaceHS              0x00006de4   Data          23  usbdcdc.o(.constdata)
    g_sCDCSerDataInterfaceSectionHS          0x00006dfc   Data           8  usbdcdc.o(.constdata)
    g_sCDCSerConfigHeader                    0x00006e04   Data           8  usbdcdc.o(.constdata)
    g_sCDCSerConfigHeaderHS                  0x00006e0c   Data           8  usbdcdc.o(.constdata)
    g_sCDCCompSerConfigHeader                0x00006e14   Data           8  usbdcdc.o(.constdata)
    g_sCDCCompSerConfigHeaderHS              0x00006e1c   Data           8  usbdcdc.o(.constdata)
    g_ppCDCSerConfigDescriptors              0x00006e24   Data           4  usbdcdc.o(.constdata)
    g_ppCDCSerConfigDescriptorsHS            0x00006e28   Data           4  usbdcdc.o(.constdata)
    g_pCDCCompSerConfigDescriptors           0x00006e2c   Data           4  usbdcdc.o(.constdata)
    g_pCDCCompSerConfigDescriptorsHS         0x00006e30   Data           4  usbdcdc.o(.constdata)
    g_sCDCHandlers                           0x00006e34   Data          48  usbdcdc.o(.constdata)
    Region$$Table$$Base                      0x00006fa4   Number         0  anon$$obj.o(Region$$Table)
    Region$$Table$$Limit                     0x00006fc4   Number         0  anon$$obj.o(Region$$Table)
    g_sCDCDevice                             0x20000000   Data          96  usb_serial_structs.o(.data)
    g_sRxBuffer                              0x20000060   Data          56  usb_serial_structs.o(.data)
    g_sTxBuffer                              0x20000098   Data          56  usb_serial_structs.o(.data)
    pxCurrentTCB                             0x200000d0   Data           4  tasks.o(.data)
    mavlink_system                           0x20000144   Data           2  main.o(.data)
    icm20602_config                          0x20000148   Data          36  main.o(.data)
    g_ui32Flags                              0x20000178   Data           4  ano_usb.o(.data)
    g_pcStatus                               0x2000017c   Data           4  ano_usb.o(.data)
    g_pui8CDCSerDeviceDescriptor             0x20000184   Data          18  usbdcdc.o(.data)
    g_pui8CDCSerDescriptor                   0x20000196   Data           9  usbdcdc.o(.data)
    g_pui8IADSerDescriptor                   0x2000019f   Data           8  usbdcdc.o(.data)
    g_psCDCSerSections                       0x200001a8   Data          12  usbdcdc.o(.data)
    g_psCDCSerSectionsHS                     0x200001b4   Data          12  usbdcdc.o(.data)
    g_psCDCCompSerSections                   0x200001c0   Data          16  usbdcdc.o(.data)
    g_psCDCCompSerSectionsHS                 0x200001d0   Data          16  usbdcdc.o(.data)
    g_iUSBMode                               0x200001e0   Data           1  usbmode.o(.data)
    g_eOTGModeState                          0x200001e2   Data           1  usbmode.o(.data)
    g_ui32WaitTicks                          0x200001e4   Data           4  usbmode.o(.data)
    g_ui32PollRate                           0x200001e8   Data           4  usbmode.o(.data)
    g_ppsDevInfo                             0x200001fc   Data           4  usbdenum.o(.data)
    g_bUSBTimerInitialized                   0x20000200   Data           1  usbtick.o(.data)
    g_ui32CurrentUSBTick                     0x20000204   Data           4  usbtick.o(.data)
    g_ui32USBSOFCount                        0x20000208   Data           4  usbtick.o(.data)
    __stdout                                 0x2000020c   Data           4  stdout.o(.data)
    g_pui8USBRxBuffer                        0x2000066c   Data         256  usb_serial_structs.o(.bss)
    g_pui8USBTxBuffer                        0x2000076c   Data         256  usb_serial_structs.o(.bss)
    xQueueRegistry                           0x2000086c   Data          64  queue.o(.bss)
    imu_raw_data                             0x200039a0   Data          32  main.o(.bss)
    msg                                      0x200039c0   Data         296  main.o(.bss)
    g_psDCDInst                              0x20003b88   Data          80  usbdenum.o(.bss)
    g_pfnTickHandlers                        0x20003bd8   Data          24  usbtick.o(.bss)
    g_pvTickInstance                         0x20003bf0   Data          24  usbtick.o(.bss)
    __initial_sp                             0x20004518   Data           0  startup_tm4c123.o(STACK)



==============================================================================

Memory Map of the image

  Image Entry point : 0x00000365

  Load Region LR_1 (Base: 0x00000000, Size: 0x00007630, Max: 0xffffffff, ABSOLUTE, COMPRESSED[0x0000706c])

    Execution Region ER_RO (Exec base: 0x00000000, Load base: 0x00000000, Size: 0x00006fc4, Max: 0xffffffff, ABSOLUTE)

    Exec Addr    Load Addr    Size         Type   Attr      Idx    E Section Name        Object

    0x00000000   0x00000000   0x0000026c   Data   RO            3    RESET               startup_tm4c123.o
    0x0000026c   0x0000026c   0x00000000   Code   RO         5035  * .ARM.Collect$$$$00000000  mc_w.l(entry.o)
    0x0000026c   0x0000026c   0x00000004   Code   RO         5309    .ARM.Collect$$$$00000001  mc_w.l(entry2.o)
    0x00000270   0x00000270   0x00000004   Code   RO         5312    .ARM.Collect$$$$00000004  mc_w.l(entry5.o)
    0x00000274   0x00000274   0x00000000   Code   RO         5314    .ARM.Collect$$$$00000008  mc_w.l(entry7b.o)
    0x00000274   0x00000274   0x00000000   Code   RO         5316    .ARM.Collect$$$$0000000A  mc_w.l(entry8b.o)
    0x00000274   0x00000274   0x00000008   Code   RO         5317    .ARM.Collect$$$$0000000B  mc_w.l(entry9a.o)
    0x0000027c   0x0000027c   0x00000004   Code   RO         5324    .ARM.Collect$$$$0000000E  mc_w.l(entry12b.o)
    0x00000280   0x00000280   0x00000000   Code   RO         5319    .ARM.Collect$$$$0000000F  mc_w.l(entry10a.o)
    0x00000280   0x00000280   0x00000000   Code   RO         5321    .ARM.Collect$$$$00000011  mc_w.l(entry11a.o)
    0x00000280   0x00000280   0x00000004   Code   RO         5310    .ARM.Collect$$$$00002712  mc_w.l(entry2.o)
    0x00000284   0x00000284   0x000000b6   Code   RO         1191    .emb_text           port.o
    0x0000033a   0x0000033a   0x00000002   PAD
    0x0000033c   0x0000033c   0x00000026   Code   RO         4502    .emb_text           driverlib.lib(cpu.o)
    0x00000362   0x00000362   0x00000002   PAD
    0x00000364   0x00000364   0x000000f4   Code   RO            4  * .text               startup_tm4c123.o
    0x00000458   0x00000458   0x00000024   Code   RO         5038    .text               mc_w.l(memcpya.o)
    0x0000047c   0x0000047c   0x00000024   Code   RO         5040    .text               mc_w.l(memseta.o)
    0x000004a0   0x000004a0   0x0000002c   Code   RO         5326    .text               mc_w.l(uidiv.o)
    0x000004cc   0x000004cc   0x00000024   Code   RO         5341    .text               mc_w.l(init.o)
    0x000004f0   0x000004f0   0x00000056   Code   RO         5359    .text               mc_w.l(__dczerorl2.o)
    0x00000546   0x00000546   0x00000002   PAD
    0x00000548   0x00000548   0x0000007c   Code   RO         2205    i.AnoUsbCdcInit     ano_usb.o
    0x000005c4   0x000005c4   0x00000020   Code   RO         2207    i.AnoUsbCdcSend     ano_usb.o
    0x000005e4   0x000005e4   0x000000ee   Code   RO         3101    i.CDCTickHandler    usblib.lib(usbdcdc.o)
    0x000006d2   0x000006d2   0x00000002   PAD
    0x000006d4   0x000006d4   0x0000009c   Code   RO         2208    i.ControlHandler    ano_usb.o
    0x00000770   0x00000770   0x00000040   Code   RO         4608    i.DMAUSBIntHandler  usblib.lib(usbdma.o)
    0x000007b0   0x000007b0   0x0000000e   Code   RO         4609    i.DMAUSBIntStatusClear  usblib.lib(usbdma.o)
    0x000007be   0x000007be   0x00000004   Code   RO         4610    i.DMAUSBStatus      usblib.lib(usbdma.o)
    0x000007c2   0x000007c2   0x00000002   PAD
    0x000007c4   0x000007c4   0x0000007c   Code   RO         1320    i.Drv_BspInit       drv_bsp.o
    0x00000840   0x00000840   0x000000bc   Code   RO         1374    i.Drv_LedOnOff      drv_led.o
    0x000008fc   0x000008fc   0x00000098   Code   RO         1375    i.Dvr_LedInit       drv_led.o
    0x00000994   0x00000994   0x00000032   Code   RO         3102    i.HandleConfigChange  usblib.lib(usbdcdc.o)
    0x000009c6   0x000009c6   0x000000c2   Code   RO         3103    i.HandleDevice      usblib.lib(usbdcdc.o)
    0x00000a88   0x00000a88   0x00000022   Code   RO         3104    i.HandleDisconnect  usblib.lib(usbdcdc.o)
    0x00000aaa   0x00000aaa   0x0000009a   Code   RO         3105    i.HandleEP0Data     usblib.lib(usbdcdc.o)
    0x00000b44   0x00000b44   0x0000007e   Code   RO         3106    i.HandleEndpoints   usblib.lib(usbdcdc.o)
    0x00000bc2   0x00000bc2   0x00000176   Code   RO         3107    i.HandleRequests    usblib.lib(usbdcdc.o)
    0x00000d38   0x00000d38   0x0000000c   Code   RO         3108    i.HandleResume      usblib.lib(usbdcdc.o)
    0x00000d44   0x00000d44   0x0000000c   Code   RO         3109    i.HandleSuspend     usblib.lib(usbdcdc.o)
    0x00000d50   0x00000d50   0x00000064   Code   RO         3422    i.IntDisable        driverlib.lib(interrupt.o)
    0x00000db4   0x00000db4   0x00000064   Code   RO         3423    i.IntEnable         driverlib.lib(interrupt.o)
    0x00000e18   0x00000e18   0x00000060   Code   RO         3424    i.IntIsEnabled      driverlib.lib(interrupt.o)
    0x00000e78   0x00000e78   0x0000000e   Code   RO         3425    i.IntMasterDisable  driverlib.lib(interrupt.o)
    0x00000e86   0x00000e86   0x0000000e   Code   RO         3426    i.IntMasterEnable   driverlib.lib(interrupt.o)
    0x00000e94   0x00000e94   0x00000034   Code   RO         3435    i.IntRegister       driverlib.lib(interrupt.o)
    0x00000ec8   0x00000ec8   0x00000034   Code   RO         4461    i.InternalUSBRegisterTickHandler  usblib.lib(usbtick.o)
    0x00000efc   0x00000efc   0x00000038   Code   RO         4462    i.InternalUSBStartOfFrameTick  usblib.lib(usbtick.o)
    0x00000f34   0x00000f34   0x00000038   Code   RO         4463    i.InternalUSBTickInit  usblib.lib(usbtick.o)
    0x00000f6c   0x00000f6c   0x00000086   Code   RO         3110    i.ProcessDataFromHost  usblib.lib(usbdcdc.o)
    0x00000ff2   0x00000ff2   0x00000002   PAD
    0x00000ff4   0x00000ff4   0x00000064   Code   RO         3111    i.ProcessDataToHost  usblib.lib(usbdcdc.o)
    0x00001058   0x00001058   0x00000026   Code   RO         2209    i.RxHandler         ano_usb.o
    0x0000107e   0x0000107e   0x000000a6   Code   RO         3005    i.ScheduleNextTransmission  usblib.lib(usbbuffer.o)
    0x00001124   0x00001124   0x00000044   Code   RO         3113    i.SendBreak         usblib.lib(usbdcdc.o)
    0x00001168   0x00001168   0x00000096   Code   RO         3114    i.SendSerialState   usblib.lib(usbdcdc.o)
    0x000011fe   0x000011fe   0x00000002   PAD
    0x00001200   0x00001200   0x00000028   Code   RO         3572    i.SysCtlPeripheralEnable  driverlib.lib(sysctl.o)
    0x00001228   0x00001228   0x0000003c   Code   RO         3577    i.SysCtlPeripheralReset  driverlib.lib(sysctl.o)
    0x00001264   0x00001264   0x00000010   Code   RO         3589    i.SysCtlUSBPLLEnable  driverlib.lib(sysctl.o)
    0x00001274   0x00001274   0x00000010   Code   RO         1321    i.SysTick_Handler   drv_bsp.o
    0x00001284   0x00001284   0x00000036   Code   RO         1322    i.SysTick_Init      drv_bsp.o
    0x000012ba   0x000012ba   0x00000012   Code   RO         2210    i.TxHandler         ano_usb.o
    0x000012cc   0x000012cc   0x0000005a   Code   RO         4849    i.ULPIConfigSet     usblib.lib(usbulpi.o)
    0x00001326   0x00001326   0x00000002   PAD
    0x00001328   0x00001328   0x00000018   Code   RO         3305    i.USB0DeviceIntHandler  usblib.lib(usbdhandler.o)
    0x00001340   0x00001340   0x00000154   Code   RO         3010    i.USBBufferEventCallback  usblib.lib(usbbuffer.o)
    0x00001494   0x00001494   0x00000006   Code   RO         3011    i.USBBufferFlush    usblib.lib(usbbuffer.o)
    0x0000149a   0x0000149a   0x00000018   Code   RO         3013    i.USBBufferInit     usblib.lib(usbbuffer.o)
    0x000014b2   0x000014b2   0x00000034   Code   RO         3016    i.USBBufferWrite    usblib.lib(usbbuffer.o)
    0x000014e6   0x000014e6   0x0000000a   Code   RO         2358    i.USBClockEnable    driverlib.lib(usb.o)
    0x000014f0   0x000014f0   0x0000000a   Code   RO         2359    i.USBControllerVersion  driverlib.lib(usb.o)
    0x000014fa   0x000014fa   0x00000002   PAD
    0x000014fc   0x000014fc   0x000000dc   Code   RO         3115    i.USBDCDCCompositeInit  usblib.lib(usbdcdc.o)
    0x000015d8   0x000015d8   0x0000004c   Code   RO         3116    i.USBDCDCInit       usblib.lib(usbdcdc.o)
    0x00001624   0x00001624   0x000000a4   Code   RO         3117    i.USBDCDCPacketRead  usblib.lib(usbdcdc.o)
    0x000016c8   0x000016c8   0x00000058   Code   RO         3118    i.USBDCDCPacketWrite  usblib.lib(usbdcdc.o)
    0x00001720   0x00001720   0x00000038   Code   RO         3121    i.USBDCDCRxPacketAvailable  usblib.lib(usbdcdc.o)
    0x00001758   0x00001758   0x00000014   Code   RO         3127    i.USBDCDCTxPacketAvailable  usblib.lib(usbdcdc.o)
    0x0000176c   0x0000176c   0x00000056   Code   RO         4512    i.USBDCDConfigDescGet  usblib.lib(usbdcdesc.o)
    0x000017c2   0x000017c2   0x00000036   Code   RO         4513    i.USBDCDConfigDescGetNum  usblib.lib(usbdcdesc.o)
    0x000017f8   0x000017f8   0x00000022   Code   RO         4514    i.USBDCDConfigDescGetSize  usblib.lib(usbdcdesc.o)
    0x0000181a   0x0000181a   0x000000bc   Code   RO         4515    i.USBDCDConfigGetInterface  usblib.lib(usbdcdesc.o)
    0x000018d6   0x000018d6   0x0000005e   Code   RO         4516    i.USBDCDConfigGetInterfaceEndpoint  usblib.lib(usbdcdesc.o)
    0x00001934   0x00001934   0x00000044   Code   RO         3883    i.USBDCDDeviceInfoInit  usblib.lib(usbdenum.o)
    0x00001978   0x00001978   0x00000018   Code   RO         3884    i.USBDCDFeatureGet  usblib.lib(usbdenum.o)
    0x00001990   0x00001990   0x000001a8   Code   RO         3886    i.USBDCDInit        usblib.lib(usbdenum.o)
    0x00001b38   0x00001b38   0x00000014   Code   RO         3890    i.USBDCDRequestDataEP0  usblib.lib(usbdenum.o)
    0x00001b4c   0x00001b4c   0x00000014   Code   RO         3891    i.USBDCDSendDataEP0  usblib.lib(usbdenum.o)
    0x00001b60   0x00001b60   0x0000001c   Code   RO         3893    i.USBDCDStallEP0    usblib.lib(usbdenum.o)
    0x00001b7c   0x00001b7c   0x000000a4   Code   RO         3895    i.USBDClearFeature  usblib.lib(usbdenum.o)
    0x00001c20   0x00001c20   0x00000074   Code   RO         3896    i.USBDEP0StateTx    usblib.lib(usbdenum.o)
    0x00001c94   0x00001c94   0x00000174   Code   RO         3897    i.USBDEP0StateTxConfig  usblib.lib(usbdenum.o)
    0x00001e08   0x00001e08   0x00000034   Code   RO         3898    i.USBDGetConfiguration  usblib.lib(usbdenum.o)
    0x00001e3c   0x00001e3c   0x00000170   Code   RO         3899    i.USBDGetDescriptor  usblib.lib(usbdenum.o)
    0x00001fac   0x00001fac   0x0000005c   Code   RO         3900    i.USBDGetInterface  usblib.lib(usbdenum.o)
    0x00002008   0x00002008   0x00000084   Code   RO         3901    i.USBDGetStatus     usblib.lib(usbdenum.o)
    0x0000208c   0x0000208c   0x0000000a   Code   RO         2361    i.USBDMAChannelAddressSet  driverlib.lib(usb.o)
    0x00002096   0x00002096   0x00000016   Code   RO         2362    i.USBDMAChannelConfigSet  driverlib.lib(usb.o)
    0x000020ac   0x000020ac   0x0000000a   Code   RO         2364    i.USBDMAChannelCountSet  driverlib.lib(usb.o)
    0x000020b6   0x000020b6   0x00000012   Code   RO         2365    i.USBDMAChannelDisable  driverlib.lib(usb.o)
    0x000020c8   0x000020c8   0x00000012   Code   RO         2366    i.USBDMAChannelEnable  driverlib.lib(usb.o)
    0x000020da   0x000020da   0x00000012   Code   RO         2367    i.USBDMAChannelIntDisable  driverlib.lib(usb.o)
    0x000020ec   0x000020ec   0x00000012   Code   RO         2368    i.USBDMAChannelIntEnable  driverlib.lib(usb.o)
    0x000020fe   0x000020fe   0x00000006   Code   RO         2369    i.USBDMAChannelIntStatus  driverlib.lib(usb.o)
    0x00002104   0x00002104   0x0000000e   Code   RO         2370    i.USBDMAChannelStatus  driverlib.lib(usb.o)
    0x00002112   0x00002112   0x00000002   PAD
    0x00002114   0x00002114   0x0000007c   Code   RO         3902    i.USBDReadAndDispatchRequest  usblib.lib(usbdenum.o)
    0x00002190   0x00002190   0x00000024   Code   RO         3903    i.USBDSetAddress    usblib.lib(usbdenum.o)
    0x000021b4   0x000021b4   0x000000a4   Code   RO         3904    i.USBDSetConfiguration  usblib.lib(usbdenum.o)
    0x00002258   0x00002258   0x00000028   Code   RO         3905    i.USBDSetDescriptor  usblib.lib(usbdenum.o)
    0x00002280   0x00002280   0x00000084   Code   RO         3906    i.USBDSetFeature    usblib.lib(usbdenum.o)
    0x00002304   0x00002304   0x000000bc   Code   RO         3907    i.USBDSetInterface  usblib.lib(usbdenum.o)
    0x000023c0   0x000023c0   0x00000028   Code   RO         3908    i.USBDSyncFrame     usblib.lib(usbdenum.o)
    0x000023e8   0x000023e8   0x00000036   Code   RO         4572    i.USBDescGet        usblib.lib(usbdesc.o)
    0x0000241e   0x0000241e   0x0000002e   Code   RO         4575    i.USBDescGetNum     usblib.lib(usbdesc.o)
    0x0000244c   0x0000244c   0x00000004   Code   RO         2374    i.USBDevAddrSet     driverlib.lib(usb.o)
    0x00002450   0x00002450   0x0000000a   Code   RO         2375    i.USBDevConnect     driverlib.lib(usb.o)
    0x0000245a   0x0000245a   0x0000000a   Code   RO         2376    i.USBDevDisconnect  driverlib.lib(usb.o)
    0x00002464   0x00002464   0x00000088   Code   RO         2378    i.USBDevEndpointConfigSet  driverlib.lib(usb.o)
    0x000024ec   0x000024ec   0x00000024   Code   RO         2379    i.USBDevEndpointDataAck  driverlib.lib(usb.o)
    0x00002510   0x00002510   0x00000034   Code   RO         2380    i.USBDevEndpointStall  driverlib.lib(usb.o)
    0x00002544   0x00002544   0x0000004a   Code   RO         2381    i.USBDevEndpointStallClear  driverlib.lib(usb.o)
    0x0000258e   0x0000258e   0x0000005e   Code   RO         2382    i.USBDevEndpointStatusClear  driverlib.lib(usb.o)
    0x000025ec   0x000025ec   0x00000006   Code   RO         2383    i.USBDevLPMConfig   driverlib.lib(usb.o)
    0x000025f2   0x000025f2   0x0000000e   Code   RO         2384    i.USBDevLPMDisable  driverlib.lib(usb.o)
    0x00002600   0x00002600   0x0000000e   Code   RO         2385    i.USBDevLPMEnable   driverlib.lib(usb.o)
    0x0000260e   0x0000260e   0x00000008   Code   RO         2387    i.USBDevMode        driverlib.lib(usb.o)
    0x00002616   0x00002616   0x00000002   PAD
    0x00002618   0x00002618   0x000001a0   Code   RO         4554    i.USBDeviceConfig   usblib.lib(usbdconfig.o)
    0x000027b8   0x000027b8   0x000000c8   Code   RO         4555    i.USBDeviceConfigAlternate  usblib.lib(usbdconfig.o)
    0x00002880   0x00002880   0x000000ec   Code   RO         3909    i.USBDeviceEnumHandler  usblib.lib(usbdenum.o)
    0x0000296c   0x0000296c   0x00000198   Code   RO         3911    i.USBDeviceIntHandlerInternal  usblib.lib(usbdenum.o)
    0x00002b04   0x00002b04   0x00000058   Code   RO         3912    i.USBDeviceResumeTickHandler  usblib.lib(usbdenum.o)
    0x00002b5c   0x00002b5c   0x0000001a   Code   RO         2389    i.USBEndpointDMAChannel  driverlib.lib(usb.o)
    0x00002b76   0x00002b76   0x00000056   Code   RO         2390    i.USBEndpointDMAConfigSet  driverlib.lib(usb.o)
    0x00002bcc   0x00002bcc   0x00000024   Code   RO         2391    i.USBEndpointDMADisable  driverlib.lib(usb.o)
    0x00002bf0   0x00002bf0   0x00000024   Code   RO         2392    i.USBEndpointDMAEnable  driverlib.lib(usb.o)
    0x00002c14   0x00002c14   0x0000001e   Code   RO         2393    i.USBEndpointDataAvail  driverlib.lib(usb.o)
    0x00002c32   0x00002c32   0x00000054   Code   RO         2394    i.USBEndpointDataGet  driverlib.lib(usb.o)
    0x00002c86   0x00002c86   0x0000003a   Code   RO         2395    i.USBEndpointDataPut  driverlib.lib(usb.o)
    0x00002cc0   0x00002cc0   0x00000030   Code   RO         2396    i.USBEndpointDataSend  driverlib.lib(usb.o)
    0x00002cf0   0x00002cf0   0x0000000c   Code   RO         2398    i.USBEndpointPacketCountSet  driverlib.lib(usb.o)
    0x00002cfc   0x00002cfc   0x00000010   Code   RO         2399    i.USBEndpointStatus  driverlib.lib(usb.o)
    0x00002d0c   0x00002d0c   0x00000008   Code   RO         2400    i.USBFIFOAddrGet    driverlib.lib(usb.o)
    0x00002d14   0x00002d14   0x00000040   Code   RO         2402    i.USBFIFOConfigSet  driverlib.lib(usb.o)
    0x00002d54   0x00002d54   0x00000012   Code   RO         2429    i.USBHostResume     driverlib.lib(usb.o)
    0x00002d66   0x00002d66   0x00000002   PAD
    0x00002d68   0x00002d68   0x0000002c   Code   RO         2434    i.USBIntEnableControl  driverlib.lib(usb.o)
    0x00002d94   0x00002d94   0x00000016   Code   RO         2435    i.USBIntEnableEndpoint  driverlib.lib(usb.o)
    0x00002daa   0x00002daa   0x00000002   PAD
    0x00002dac   0x00002dac   0x00000044   Code   RO         2436    i.USBIntRegister    driverlib.lib(usb.o)
    0x00002df0   0x00002df0   0x0000003c   Code   RO         2437    i.USBIntStatusControl  driverlib.lib(usb.o)
    0x00002e2c   0x00002e2c   0x0000000a   Code   RO         2438    i.USBIntStatusEndpoint  driverlib.lib(usb.o)
    0x00002e36   0x00002e36   0x0000000c   Code   RO         2442    i.USBLPMIntEnable   driverlib.lib(usb.o)
    0x00002e42   0x00002e42   0x00000006   Code   RO         2443    i.USBLPMIntStatus   driverlib.lib(usb.o)
    0x00002e48   0x00002e48   0x0000015c   Code   RO         4612    i.USBLibDMAInit     usblib.lib(usbdma.o)
    0x00002fa4   0x00002fa4   0x00000008   Code   RO         2449    i.USBOTGMode        driverlib.lib(usb.o)
    0x00002fac   0x00002fac   0x00000046   Code   RO         4365    i.USBRingBufAdvanceRead  usblib.lib(usbringbuf.o)
    0x00002ff2   0x00002ff2   0x00000054   Code   RO         4366    i.USBRingBufAdvanceWrite  usblib.lib(usbringbuf.o)
    0x00003046   0x00003046   0x0000001e   Code   RO         4367    i.USBRingBufContigFree  usblib.lib(usbringbuf.o)
    0x00003064   0x00003064   0x00000010   Code   RO         4368    i.USBRingBufContigUsed  usblib.lib(usbringbuf.o)
    0x00003074   0x00003074   0x0000001a   Code   RO         4370    i.USBRingBufFlush   usblib.lib(usbringbuf.o)
    0x0000308e   0x0000308e   0x00000016   Code   RO         4371    i.USBRingBufFree    usblib.lib(usbringbuf.o)
    0x000030a4   0x000030a4   0x0000000c   Code   RO         4373    i.USBRingBufInit    usblib.lib(usbringbuf.o)
    0x000030b0   0x000030b0   0x00000014   Code   RO         4377    i.USBRingBufUsed    usblib.lib(usbringbuf.o)
    0x000030c4   0x000030c4   0x00000050   Code   RO         4378    i.USBRingBufWrite   usblib.lib(usbringbuf.o)
    0x00003114   0x00003114   0x0000001c   Code   RO         3328    i.USBStackModeSet   usblib.lib(usbmode.o)
    0x00003130   0x00003130   0x0000000e   Code   RO         2454    i.USBULPIDisable    driverlib.lib(usb.o)
    0x0000313e   0x0000313e   0x0000000e   Code   RO         2455    i.USBULPIEnable     driverlib.lib(usb.o)
    0x0000314c   0x0000314c   0x00000020   Code   RO         2456    i.USBULPIRegRead    driverlib.lib(usb.o)
    0x0000316c   0x0000316c   0x00000020   Code   RO         2457    i.USBULPIRegWrite   driverlib.lib(usb.o)
    0x0000318c   0x0000318c   0x00000020   Code   RO         5137    i.__0printf$3       mc_w.l(printf3.o)
    0x000031ac   0x000031ac   0x0000000e   Code   RO         5353    i.__scatterload_copy  mc_w.l(handlers.o)
    0x000031ba   0x000031ba   0x00000002   Code   RO         5354    i.__scatterload_null  mc_w.l(handlers.o)
    0x000031bc   0x000031bc   0x0000000e   Code   RO         5355    i.__scatterload_zeroinit  mc_w.l(handlers.o)
    0x000031ca   0x000031ca   0x00000018   Code   RO         1404    i._mav_trim_payload  main.o
    0x000031e2   0x000031e2   0x00000002   PAD
    0x000031e4   0x000031e4   0x000001b8   Code   RO         5144    i._printf_core      mc_w.l(printf3.o)
    0x0000339c   0x0000339c   0x0000004a   Code   RO          166    i._read_data        icm20602.o
    0x000033e6   0x000033e6   0x00000022   Code   RO         1405    i.crc_accumulate    main.o
    0x00003408   0x00003408   0x00000010   Code   RO         2211    i.fputc             ano_usb.o
    0x00003418   0x00003418   0x00000002   Code   RO         4614    i.iDMAUSBArbSizeSet  usblib.lib(usbdma.o)
    0x0000341a   0x0000341a   0x00000084   Code   RO         4615    i.iDMAUSBChannelAllocate  usblib.lib(usbdma.o)
    0x0000349e   0x0000349e   0x00000034   Code   RO         4616    i.iDMAUSBChannelDisable  usblib.lib(usbdma.o)
    0x000034d2   0x000034d2   0x00000052   Code   RO         4617    i.iDMAUSBChannelEnable  usblib.lib(usbdma.o)
    0x00003524   0x00003524   0x00000008   Code   RO         4618    i.iDMAUSBChannelIntDisable  usblib.lib(usbdma.o)
    0x0000352c   0x0000352c   0x00000008   Code   RO         4619    i.iDMAUSBChannelIntEnable  usblib.lib(usbdma.o)
    0x00003534   0x00003534   0x0000003e   Code   RO         4620    i.iDMAUSBChannelRelease  usblib.lib(usbdma.o)
    0x00003572   0x00003572   0x00000038   Code   RO         4621    i.iDMAUSBChannelStatus  usblib.lib(usbdma.o)
    0x000035aa   0x000035aa   0x00000006   Code   RO         4622    i.iDMAUSBIntStatus  usblib.lib(usbdma.o)
    0x000035b0   0x000035b0   0x000000f4   Code   RO         4623    i.iDMAUSBTransfer   usblib.lib(usbdma.o)
    0x000036a4   0x000036a4   0x00000002   Code   RO         4624    i.iDMAUSBUnitSizeSet  usblib.lib(usbdma.o)
    0x000036a6   0x000036a6   0x00000264   Code   RO          167    i.icm20602_init     icm20602.o
    0x0000390a   0x0000390a   0x00000002   PAD
    0x0000390c   0x0000390c   0x00000038   Code   RO           59    i.icm20602_pin_init  spi.o
    0x00003944   0x00003944   0x00000046   Code   RO           60    i.icm20602_read     spi.o
    0x0000398a   0x0000398a   0x00000124   Code   RO          172    i.icm20602_read_data_raw  icm20602.o
    0x00003aae   0x00003aae   0x00000044   Code   RO           61    i.icm20602_write    spi.o
    0x00003af2   0x00003af2   0x00000002   PAD
    0x00003af4   0x00003af4   0x0000004c   Code   RO         1406    i.led_task          main.o
    0x00003b40   0x00003b40   0x00000058   Code   RO         1407    i.main              main.o
    0x00003b98   0x00003b98   0x000001a0   Code   RO         1408    i.mavlink_finalize_message_buffer  main.o
    0x00003d38   0x00003d38   0x0000006a   Code   RO         1409    i.mavlink_msg_raw_imu_encode_chan  main.o
    0x00003da2   0x00003da2   0x00000002   PAD
    0x00003da4   0x00003da4   0x000000a4   Code   RO         1410    i.mavlink_msg_raw_imu_pack_chan  main.o
    0x00003e48   0x00003e48   0x000000d2   Code   RO         1411    i.mavlink_msg_to_send_buffer  main.o
    0x00003f1a   0x00003f1a   0x00000002   PAD
    0x00003f1c   0x00003f1c   0x000001e0   Code   RO         1412    i.mavlink_sha256_calc  main.o
    0x000040fc   0x000040fc   0x000000aa   Code   RO         1413    i.mavlink_sha256_final_48  main.o
    0x000041a6   0x000041a6   0x00000098   Code   RO         1414    i.mavlink_sha256_update  main.o
    0x0000423e   0x0000423e   0x00000002   PAD
    0x00004240   0x00004240   0x000000d8   Code   RO         1415    i.mavlink_sign_packet  main.o
    0x00004318   0x00004318   0x00000098   Code   RO          701    i.prvAddCurrentTaskToDelayedList  tasks.o
    0x000043b0   0x000043b0   0x000000b8   Code   RO          702    i.prvAddNewTaskToReadyList  tasks.o
    0x00004468   0x00004468   0x00000064   Code   RO         1061    i.prvCheckForValidListAndQueue  timers.o
    0x000044cc   0x000044cc   0x00000064   Code   RO          703    i.prvCheckTasksWaitingTermination  tasks.o
    0x00004530   0x00004530   0x0000002a   Code   RO          465    i.prvCopyDataFromQueue  queue.o
    0x0000455a   0x0000455a   0x0000007c   Code   RO          466    i.prvCopyDataToQueue  queue.o
    0x000045d6   0x000045d6   0x00000012   Code   RO          704    i.prvDeleteTCB      tasks.o
    0x000045e8   0x000045e8   0x00000028   Code   RO         1062    i.prvGetNextExpireTime  timers.o
    0x00004610   0x00004610   0x0000007c   Code   RO         1268    i.prvHeapInit       heap_4.o
    0x0000468c   0x0000468c   0x00000028   Code   RO          705    i.prvIdleTask       tasks.o
    0x000046b4   0x000046b4   0x0000002e   Code   RO          468    i.prvInitialiseNewQueue  queue.o
    0x000046e2   0x000046e2   0x00000002   PAD
    0x000046e4   0x000046e4   0x000000d0   Code   RO          706    i.prvInitialiseNewTask  tasks.o
    0x000047b4   0x000047b4   0x00000068   Code   RO          707    i.prvInitialiseTaskLists  tasks.o
    0x0000481c   0x0000481c   0x00000068   Code   RO         1269    i.prvInsertBlockIntoFreeList  heap_4.o
    0x00004884   0x00004884   0x00000058   Code   RO         1064    i.prvInsertTimerInActiveList  timers.o
    0x000048dc   0x000048dc   0x0000001a   Code   RO          469    i.prvIsQueueEmpty   queue.o
    0x000048f6   0x000048f6   0x0000001e   Code   RO          470    i.prvIsQueueFull    queue.o
    0x00004914   0x00004914   0x000000a0   Code   RO          471    i.prvNotifyQueueSetContainer  queue.o
    0x000049b4   0x000049b4   0x0000007c   Code   RO         1065    i.prvProcessExpiredTimer  timers.o
    0x00004a30   0x00004a30   0x00000128   Code   RO         1066    i.prvProcessReceivedCommands  timers.o
    0x00004b58   0x00004b58   0x00000074   Code   RO         1067    i.prvProcessTimerOrBlockTask  timers.o
    0x00004bcc   0x00004bcc   0x00000034   Code   RO          709    i.prvResetNextTaskUnblockTime  tasks.o
    0x00004c00   0x00004c00   0x0000002c   Code   RO         1068    i.prvSampleTimeNow  timers.o
    0x00004c2c   0x00004c2c   0x000000b8   Code   RO         1069    i.prvSwitchTimerLists  timers.o
    0x00004ce4   0x00004ce4   0x00000070   Code   RO         1192    i.prvTaskExitError  port.o
    0x00004d54   0x00004d54   0x0000001a   Code   RO         1070    i.prvTimerTask      timers.o
    0x00004d6e   0x00004d6e   0x00000092   Code   RO          472    i.prvUnlockQueue    queue.o
    0x00004e00   0x00004e00   0x00000150   Code   RO         1270    i.pvPortMalloc      heap_4.o
    0x00004f50   0x00004f50   0x00000020   Code   RO          713    i.pvTaskIncrementMutexHeldCount  tasks.o
    0x00004f70   0x00004f70   0x0000002c   Code   RO         1193    i.pxPortInitialiseStack  port.o
    0x00004f9c   0x00004f9c   0x00000078   Code   RO         1416    i.send_data         main.o
    0x00005014   0x00005014   0x000000cc   Code   RO           62    i.spi_init          spi.o
    0x000050e0   0x000050e0   0x0000001c   Code   RO           63    i.spi_receive       spi.o
    0x000050fc   0x000050fc   0x00000040   Code   RO           64    i.spi_single_send   spi.o
    0x0000513c   0x0000513c   0x0000001a   Code   RO           65    i.spi_transmit      spi.o
    0x00005156   0x00005156   0x00000002   PAD
    0x00005158   0x00005158   0x00000048   Code   RO         4871    i.uDMAChannelAttributeDisable  driverlib.lib(udma.o)
    0x000051a0   0x000051a0   0x00000020   Code   RO         4874    i.uDMAChannelControlSet  driverlib.lib(udma.o)
    0x000051c0   0x000051c0   0x00000014   Code   RO         4875    i.uDMAChannelDisable  driverlib.lib(udma.o)
    0x000051d4   0x000051d4   0x00000014   Code   RO         4876    i.uDMAChannelEnable  driverlib.lib(udma.o)
    0x000051e8   0x000051e8   0x00000028   Code   RO         4878    i.uDMAChannelModeGet  driverlib.lib(udma.o)
    0x00005210   0x00005210   0x00000080   Code   RO         4884    i.uDMAChannelTransferSet  driverlib.lib(udma.o)
    0x00005290   0x00005290   0x00000068   Code   RO         4625    i.uDMAUSBArbSizeSet  usblib.lib(usbdma.o)
    0x000052f8   0x000052f8   0x000000c0   Code   RO         4626    i.uDMAUSBChannelAllocate  usblib.lib(usbdma.o)
    0x000053b8   0x000053b8   0x00000058   Code   RO         4627    i.uDMAUSBChannelDisable  usblib.lib(usbdma.o)
    0x00005410   0x00005410   0x0000006a   Code   RO         4628    i.uDMAUSBChannelEnable  usblib.lib(usbdma.o)
    0x0000547a   0x0000547a   0x00000002   Code   RO         4629    i.uDMAUSBChannelIntDisable  usblib.lib(usbdma.o)
    0x0000547c   0x0000547c   0x00000002   Code   RO         4630    i.uDMAUSBChannelIntEnable  usblib.lib(usbdma.o)
    0x0000547e   0x0000547e   0x0000005a   Code   RO         4631    i.uDMAUSBChannelRelease  usblib.lib(usbdma.o)
    0x000054d8   0x000054d8   0x00000026   Code   RO         4632    i.uDMAUSBChannelStatus  usblib.lib(usbdma.o)
    0x000054fe   0x000054fe   0x00000034   Code   RO         4633    i.uDMAUSBIntStatus  usblib.lib(usbdma.o)
    0x00005532   0x00005532   0x000000c8   Code   RO         4634    i.uDMAUSBTransfer   usblib.lib(usbdma.o)
    0x000055fa   0x000055fa   0x00000054   Code   RO         4635    i.uDMAUSBUnitSizeSet  usblib.lib(usbdma.o)
    0x0000564e   0x0000564e   0x00000028   Code   RO          428    i.uxListRemove      list.o
    0x00005676   0x00005676   0x0000001a   Code   RO          429    i.vListInitialise   list.o
    0x00005690   0x00005690   0x00000006   Code   RO          430    i.vListInitialiseItem  list.o
    0x00005696   0x00005696   0x00000034   Code   RO          431    i.vListInsert       list.o
    0x000056ca   0x000056ca   0x00000018   Code   RO          432    i.vListInsertEnd    list.o
    0x000056e2   0x000056e2   0x00000002   PAD
    0x000056e4   0x000056e4   0x00000084   Code   RO         1195    i.vPortEnterCritical  port.o
    0x00005768   0x00005768   0x0000006c   Code   RO         1196    i.vPortExitCritical  port.o
    0x000057d4   0x000057d4   0x000000b4   Code   RO         1271    i.vPortFree         heap_4.o
    0x00005888   0x00005888   0x00000014   Code   RO         1197    i.vPortSetupTimerInterrupt  port.o
    0x0000589c   0x0000589c   0x0000009c   Code   RO         1198    i.vPortValidateInterruptPriority  port.o
    0x00005938   0x00005938   0x0000002c   Code   RO          478    i.vQueueAddToRegistry  queue.o
    0x00005964   0x00005964   0x0000004a   Code   RO          482    i.vQueueWaitForMessageRestricted  queue.o
    0x000059ae   0x000059ae   0x00000002   PAD
    0x000059b0   0x000059b0   0x00000074   Code   RO          721    i.vTaskDelay        tasks.o
    0x00005a24   0x00005a24   0x000000dc   Code   RO          722    i.vTaskDelayUntil   tasks.o
    0x00005b00   0x00005b00   0x0000000c   Code   RO          727    i.vTaskMissedYield  tasks.o
    0x00005b0c   0x00005b0c   0x00000054   Code   RO          729    i.vTaskPlaceOnEventList  tasks.o
    0x00005b60   0x00005b60   0x0000005c   Code   RO          730    i.vTaskPlaceOnEventListRestricted  tasks.o
    0x00005bbc   0x00005bbc   0x000000b0   Code   RO          732    i.vTaskPriorityInherit  tasks.o
    0x00005c6c   0x00005c6c   0x0000004c   Code   RO          736    i.vTaskSetTimeOutState  tasks.o
    0x00005cb8   0x00005cb8   0x000000ac   Code   RO          737    i.vTaskStartScheduler  tasks.o
    0x00005d64   0x00005d64   0x00000010   Code   RO          739    i.vTaskSuspendAll   tasks.o
    0x00005d74   0x00005d74   0x000000a8   Code   RO          740    i.vTaskSwitchContext  tasks.o
    0x00005e1c   0x00005e1c   0x00000158   Code   RO         1199    i.xPortStartScheduler  port.o
    0x00005f74   0x00005f74   0x00000034   Code   RO         1200    i.xPortSysTickHandler  port.o
    0x00005fa8   0x00005fa8   0x00000074   Code   RO          487    i.xQueueGenericCreate  queue.o
    0x0000601c   0x0000601c   0x000001c8   Code   RO          488    i.xQueueGenericReceive  queue.o
    0x000061e4   0x000061e4   0x000000b0   Code   RO          489    i.xQueueGenericReset  queue.o
    0x00006294   0x00006294   0x000001c4   Code   RO          490    i.xQueueGenericSend  queue.o
    0x00006458   0x00006458   0x00000110   Code   RO          491    i.xQueueGenericSendFromISR  queue.o
    0x00006568   0x00006568   0x000000a0   Code   RO          741    i.xTaskCheckForTimeOut  tasks.o
    0x00006608   0x00006608   0x00000060   Code   RO          742    i.xTaskCreate       tasks.o
    0x00006668   0x00006668   0x00000020   Code   RO          746    i.xTaskGetSchedulerState  tasks.o
    0x00006688   0x00006688   0x0000000c   Code   RO          747    i.xTaskGetTickCount  tasks.o
    0x00006694   0x00006694   0x00000160   Code   RO          749    i.xTaskIncrementTick  tasks.o
    0x000067f4   0x000067f4   0x000000d8   Code   RO          752    i.xTaskPriorityDisinherit  tasks.o
    0x000068cc   0x000068cc   0x000000b4   Code   RO          753    i.xTaskRemoveFromEventList  tasks.o
    0x00006980   0x00006980   0x00000120   Code   RO          755    i.xTaskResumeAll    tasks.o
    0x00006aa0   0x00006aa0   0x00000070   Code   RO         1074    i.xTimerCreateTimerTask  timers.o
    0x00006b10   0x00006b10   0x000000a0   Code   RO         1075    i.xTimerGenericCommand  timers.o
    0x00006bb0   0x00006bb0   0x000000d8   Data   RO           11    .constdata          usb_serial_structs.o
    0x00006c88   0x00006c88   0x00000100   Data   RO         1418    .constdata          main.o
    0x00006d88   0x00006d88   0x00000008   Data   RO         3128    .constdata          usblib.lib(usbdcdc.o)
    0x00006d90   0x00006d90   0x00000008   Data   RO         3129    .constdata          usblib.lib(usbdcdc.o)
    0x00006d98   0x00006d98   0x00000023   Data   RO         3130    .constdata          usblib.lib(usbdcdc.o)
    0x00006dbb   0x00006dbb   0x00000001   PAD
    0x00006dbc   0x00006dbc   0x00000008   Data   RO         3131    .constdata          usblib.lib(usbdcdc.o)
    0x00006dc4   0x00006dc4   0x00000017   Data   RO         3132    .constdata          usblib.lib(usbdcdc.o)
    0x00006ddb   0x00006ddb   0x00000001   PAD
    0x00006ddc   0x00006ddc   0x00000008   Data   RO         3133    .constdata          usblib.lib(usbdcdc.o)
    0x00006de4   0x00006de4   0x00000017   Data   RO         3134    .constdata          usblib.lib(usbdcdc.o)
    0x00006dfb   0x00006dfb   0x00000001   PAD
    0x00006dfc   0x00006dfc   0x00000008   Data   RO         3135    .constdata          usblib.lib(usbdcdc.o)
    0x00006e04   0x00006e04   0x00000008   Data   RO         3136    .constdata          usblib.lib(usbdcdc.o)
    0x00006e0c   0x00006e0c   0x00000008   Data   RO         3137    .constdata          usblib.lib(usbdcdc.o)
    0x00006e14   0x00006e14   0x00000008   Data   RO         3138    .constdata          usblib.lib(usbdcdc.o)
    0x00006e1c   0x00006e1c   0x00000008   Data   RO         3139    .constdata          usblib.lib(usbdcdc.o)
    0x00006e24   0x00006e24   0x00000040   Data   RO         3140    .constdata          usblib.lib(usbdcdc.o)
    0x00006e64   0x00006e64   0x0000010c   Data   RO         3439    .constdata          driverlib.lib(interrupt.o)
    0x00006f70   0x00006f70   0x00000034   Data   RO         3914    .constdata          usblib.lib(usbdenum.o)
    0x00006fa4   0x00006fa4   0x00000020   Data   RO         5351    Region$$Table       anon$$obj.o


    Execution Region ER_RW (Exec base: 0x20000000, Load base: 0x00006fc4, Size: 0x0000066c, Max: 0xffffffff, ABSOLUTE, COMPRESSED[0x000000a8])

    Exec Addr    Load Addr    Size         Type   Attr      Idx    E Section Name        Object

    0x20000000   COMPRESSED   0x000000d0   Data   RW           12    .data               usb_serial_structs.o
    0x200000d0   COMPRESSED   0x0000003c   Data   RW          758    .data               tasks.o
    0x2000010c   COMPRESSED   0x00000014   Data   RW         1083    .data               timers.o
    0x20000120   COMPRESSED   0x0000000c   Data   RW         1201    .data               port.o
    0x2000012c   COMPRESSED   0x00000018   Data   RW         1276    .data               heap_4.o
    0x20000144   COMPRESSED   0x00000029   Data   RW         1419    .data               main.o
    0x2000016d   COMPRESSED   0x00000003   PAD
    0x20000170   COMPRESSED   0x00000011   Data   RW         2212    .data               ano_usb.o
    0x20000181   COMPRESSED   0x00000001   PAD
    0x20000182   COMPRESSED   0x0000001d   Data   RW         3141    .data               usblib.lib(usbdcdc.o)
    0x2000019f   COMPRESSED   0x00000008   Data   RW         3142    .data               usblib.lib(usbdcdc.o)
    0x200001a7   COMPRESSED   0x00000001   PAD
    0x200001a8   COMPRESSED   0x0000000c   Data   RW         3143    .data               usblib.lib(usbdcdc.o)
    0x200001b4   COMPRESSED   0x0000000c   Data   RW         3144    .data               usblib.lib(usbdcdc.o)
    0x200001c0   COMPRESSED   0x00000010   Data   RW         3145    .data               usblib.lib(usbdcdc.o)
    0x200001d0   COMPRESSED   0x00000010   Data   RW         3146    .data               usblib.lib(usbdcdc.o)
    0x200001e0   COMPRESSED   0x00000010   Data   RW         3329    .data               usblib.lib(usbmode.o)
    0x200001f0   COMPRESSED   0x00000010   Data   RW         3915    .data               usblib.lib(usbdenum.o)
    0x20000200   COMPRESSED   0x00000008   Data   RW         4466    .data               usblib.lib(usbtick.o)
    0x20000208   COMPRESSED   0x00000004   Data   RW         4467    .data               usblib.lib(usbtick.o)
    0x2000020c   COMPRESSED   0x00000004   Data   RW         5325    .data               mc_w.l(stdout.o)
    0x20000210   COMPRESSED   0x000001f0   PAD
    0x20000400   COMPRESSED   0x0000026c   Data   RW         3440    vtable              driverlib.lib(interrupt.o)


    Execution Region ER_ZI (Exec base: 0x2000066c, Load base: 0x0000706c, Size: 0x00003eac, Max: 0xffffffff, ABSOLUTE)

    Exec Addr    Load Addr    Size         Type   Attr      Idx    E Section Name        Object

    0x2000066c        -       0x00000200   Zero   RW           10    .bss                usb_serial_structs.o
    0x2000086c        -       0x00000040   Zero   RW          502    .bss                queue.o
    0x200008ac        -       0x000000c8   Zero   RW          757    .bss                tasks.o
    0x20000974        -       0x00000028   Zero   RW         1082    .bss                timers.o
    0x2000099c        -       0x00003000   Zero   RW         1275    .bss                heap_4.o
    0x2000399c   0x0000706c   0x00000004   PAD
    0x200039a0        -       0x000001a8   Zero   RW         1417    .bss                main.o
    0x20003b48        -       0x00000090   Zero   RW         3913    .bss                usblib.lib(usbdenum.o)
    0x20003bd8        -       0x00000030   Zero   RW         4465    .bss                usblib.lib(usbtick.o)
    0x20003c08        -       0x00000110   Zero   RW         4636    .bss                usblib.lib(usbdma.o)
    0x20003d18        -       0x00000800   Zero   RW            1    STACK               startup_tm4c123.o


==============================================================================

Image component sizes


      Code (inc. data)   RO Data    RW Data    ZI Data      Debug   Object Name

       384         52          0         17          0      17242   ano_usb.o
         0          0          0          0          0      10028   croutine.o
       194         18          0          0          0      34195   drv_bsp.o
       340         22          0          0          0       1185   drv_led.o
         0          0          0          0          0      10324   event_groups.o
       744        168          0         24      12288       3995   heap_4.o
       978          0          0          0          0       9074   icm20602.o
       148          0          0          0          0       3234   list.o
      2256         96        256         41        424      25168   main.o
      1150        376          0         12          0      11041   port.o
      2164        238          0          0         64      15877   queue.o
       516         34          0          0          0      31698   spi.o
       244          6        620          0       2048       5452   startup_tm4c123.o
      3358        852          0         60        200      29847   tasks.o
      1290        294          0         20         40       8875   timers.o
         0          0        216        208        512      31146   usb_serial_structs.o

    ----------------------------------------------------------------------
     13788       2156       1124        386      15580     248381   Object Totals
         0          0         32          0          0          0   (incl. Generated)
        22          0          0          4          4          0   (incl. Padding)

    ----------------------------------------------------------------------

      Code (inc. data)   RO Data    RW Data    ZI Data      Debug   Library Member Name

        38          0          0          0          0        572   cpu.o
       376         32        268        620          0       4387   interrupt.o
       116         12          0          0          0       2962   sysctl.o
       312         32          0          0          0       3961   udma.o
      1456         20          0          0          0      44844   usb.o
        86          0          0          0          0          0   __dczerorl2.o
         0          0          0          0          0          0   entry.o
         0          0          0          0          0          0   entry10a.o
         0          0          0          0          0          0   entry11a.o
         4          0          0          0          0          0   entry12b.o
         8          4          0          0          0          0   entry2.o
         4          0          0          0          0          0   entry5.o
         0          0          0          0          0          0   entry7b.o
         0          0          0          0          0          0   entry8b.o
         8          4          0          0          0          0   entry9a.o
        30          0          0          0          0          0   handlers.o
        36          8          0          0          0         68   init.o
        36          0          0          0          0         68   memcpya.o
        36          0          0          0          0        108   memseta.o
       472         14          0          0          0        184   printf3.o
         0          0          0          4          0          0   stdout.o
        44          0          0          0          0         80   uidiv.o
       588          0          0          0          0      18280   usbbuffer.o
      2270         70        217         93          0      33677   usbdcdc.o
       456          0          0          0          0       4863   usbdcdesc.o
       616         12          0          0          0       3605   usbdconfig.o
      3336        270         52         16        144      20401   usbdenum.o
       100          0          0          0          0       2033   usbdesc.o
        24          4          0          0          0        551   usbdhandler.o
      2042        124          0          0        272      16032   usbdma.o
        28          4          0         16          0       1994   usbmode.o
       360          0          0          0          0      16425   usbringbuf.o
       164         28          0         12         48      16276   usbtick.o
        90          0          0          0          0        592   usbulpi.o

    ----------------------------------------------------------------------
     13160        638        540       1258        464     191963   Library Totals
        24          0          3        497          0          0   (incl. Padding)

    ----------------------------------------------------------------------

      Code (inc. data)   RO Data    RW Data    ZI Data      Debug   Library Name

      2298         96        268        620          0      56726   driverlib.lib
       764         30          0          4          0        508   mc_w.l
     10074        512        269        137        464     134729   usblib.lib

    ----------------------------------------------------------------------
     13160        638        540       1258        464     191963   Library Totals

    ----------------------------------------------------------------------

==============================================================================


      Code (inc. data)   RO Data    RW Data    ZI Data      Debug   

     26948       2794       1664       1644      16044     414772   Grand Totals
     26948       2794       1664        168      16044     414772   ELF Image Totals (compressed)
     26948       2794       1664        168          0          0   ROM Totals

==============================================================================

    Total RO  Size (Code + RO Data)                28612 (  27.94kB)
    Total RW  Size (RW Data + ZI Data)             17688 (  17.27kB)
    Total ROM Size (Code + RO Data + RW Data)      28780 (  28.11kB)

==============================================================================

